Archive member included to satisfy reference by file (symbol)

D:/stm32ide/STM32CubeIDE_1.17.0/STM32CubeIDE/plugins/com.st.stm32cube.ide.mcu.externaltools.gnu-tools-for-stm32.12.3.rel1.win32_1.1.0.202410251130/tools/bin/../lib/gcc/arm-none-eabi/12.3.1/../../../../arm-none-eabi/lib/thumb/v7e-m+fp/hard\libc_nano.a(libc_a-exit.o)
                              D:/stm32ide/STM32CubeIDE_1.17.0/STM32CubeIDE/plugins/com.st.stm32cube.ide.mcu.externaltools.gnu-tools-for-stm32.12.3.rel1.win32_1.1.0.202410251130/tools/bin/../lib/gcc/arm-none-eabi/12.3.1/../../../../arm-none-eabi/lib/thumb/v7e-m+fp/hard/crt0.o (exit)
D:/stm32ide/STM32CubeIDE_1.17.0/STM32CubeIDE/plugins/com.st.stm32cube.ide.mcu.externaltools.gnu-tools-for-stm32.12.3.rel1.win32_1.1.0.202410251130/tools/bin/../lib/gcc/arm-none-eabi/12.3.1/../../../../arm-none-eabi/lib/thumb/v7e-m+fp/hard\libc_nano.a(libc_a-malloc.o)
                              ./Core/Src/File_Handling.o (malloc)
D:/stm32ide/STM32CubeIDE_1.17.0/STM32CubeIDE/plugins/com.st.stm32cube.ide.mcu.externaltools.gnu-tools-for-stm32.12.3.rel1.win32_1.1.0.202410251130/tools/bin/../lib/gcc/arm-none-eabi/12.3.1/../../../../arm-none-eabi/lib/thumb/v7e-m+fp/hard\libc_nano.a(libc_a-mallocr.o)
                              D:/stm32ide/STM32CubeIDE_1.17.0/STM32CubeIDE/plugins/com.st.stm32cube.ide.mcu.externaltools.gnu-tools-for-stm32.12.3.rel1.win32_1.1.0.202410251130/tools/bin/../lib/gcc/arm-none-eabi/12.3.1/../../../../arm-none-eabi/lib/thumb/v7e-m+fp/hard\libc_nano.a(libc_a-malloc.o) (_malloc_r)
D:/stm32ide/STM32CubeIDE_1.17.0/STM32CubeIDE/plugins/com.st.stm32cube.ide.mcu.externaltools.gnu-tools-for-stm32.12.3.rel1.win32_1.1.0.202410251130/tools/bin/../lib/gcc/arm-none-eabi/12.3.1/../../../../arm-none-eabi/lib/thumb/v7e-m+fp/hard\libc_nano.a(libc_a-mlock.o)
                              D:/stm32ide/STM32CubeIDE_1.17.0/STM32CubeIDE/plugins/com.st.stm32cube.ide.mcu.externaltools.gnu-tools-for-stm32.12.3.rel1.win32_1.1.0.202410251130/tools/bin/../lib/gcc/arm-none-eabi/12.3.1/../../../../arm-none-eabi/lib/thumb/v7e-m+fp/hard\libc_nano.a(libc_a-mallocr.o) (__malloc_lock)
D:/stm32ide/STM32CubeIDE_1.17.0/STM32CubeIDE/plugins/com.st.stm32cube.ide.mcu.externaltools.gnu-tools-for-stm32.12.3.rel1.win32_1.1.0.202410251130/tools/bin/../lib/gcc/arm-none-eabi/12.3.1/../../../../arm-none-eabi/lib/thumb/v7e-m+fp/hard\libc_nano.a(libc_a-findfp.o)
                              D:/stm32ide/STM32CubeIDE_1.17.0/STM32CubeIDE/plugins/com.st.stm32cube.ide.mcu.externaltools.gnu-tools-for-stm32.12.3.rel1.win32_1.1.0.202410251130/tools/bin/../lib/gcc/arm-none-eabi/12.3.1/../../../../arm-none-eabi/lib/thumb/v7e-m+fp/hard\libc_nano.a(libc_a-exit.o) (__stdio_exit_handler)
D:/stm32ide/STM32CubeIDE_1.17.0/STM32CubeIDE/plugins/com.st.stm32cube.ide.mcu.externaltools.gnu-tools-for-stm32.12.3.rel1.win32_1.1.0.202410251130/tools/bin/../lib/gcc/arm-none-eabi/12.3.1/../../../../arm-none-eabi/lib/thumb/v7e-m+fp/hard\libc_nano.a(libc_a-fwalk.o)
                              D:/stm32ide/STM32CubeIDE_1.17.0/STM32CubeIDE/plugins/com.st.stm32cube.ide.mcu.externaltools.gnu-tools-for-stm32.12.3.rel1.win32_1.1.0.202410251130/tools/bin/../lib/gcc/arm-none-eabi/12.3.1/../../../../arm-none-eabi/lib/thumb/v7e-m+fp/hard\libc_nano.a(libc_a-findfp.o) (_fwalk_sglue)
D:/stm32ide/STM32CubeIDE_1.17.0/STM32CubeIDE/plugins/com.st.stm32cube.ide.mcu.externaltools.gnu-tools-for-stm32.12.3.rel1.win32_1.1.0.202410251130/tools/bin/../lib/gcc/arm-none-eabi/12.3.1/../../../../arm-none-eabi/lib/thumb/v7e-m+fp/hard\libc_nano.a(libc_a-sprintf.o)
                              ./Core/Src/File_Handling.o (sprintf)
D:/stm32ide/STM32CubeIDE_1.17.0/STM32CubeIDE/plugins/com.st.stm32cube.ide.mcu.externaltools.gnu-tools-for-stm32.12.3.rel1.win32_1.1.0.202410251130/tools/bin/../lib/gcc/arm-none-eabi/12.3.1/../../../../arm-none-eabi/lib/thumb/v7e-m+fp/hard\libc_nano.a(libc_a-stdio.o)
                              D:/stm32ide/STM32CubeIDE_1.17.0/STM32CubeIDE/plugins/com.st.stm32cube.ide.mcu.externaltools.gnu-tools-for-stm32.12.3.rel1.win32_1.1.0.202410251130/tools/bin/../lib/gcc/arm-none-eabi/12.3.1/../../../../arm-none-eabi/lib/thumb/v7e-m+fp/hard\libc_nano.a(libc_a-findfp.o) (__sread)
D:/stm32ide/STM32CubeIDE_1.17.0/STM32CubeIDE/plugins/com.st.stm32cube.ide.mcu.externaltools.gnu-tools-for-stm32.12.3.rel1.win32_1.1.0.202410251130/tools/bin/../lib/gcc/arm-none-eabi/12.3.1/../../../../arm-none-eabi/lib/thumb/v7e-m+fp/hard\libc_nano.a(libc_a-memset.o)
                              D:/stm32ide/STM32CubeIDE_1.17.0/STM32CubeIDE/plugins/com.st.stm32cube.ide.mcu.externaltools.gnu-tools-for-stm32.12.3.rel1.win32_1.1.0.202410251130/tools/bin/../lib/gcc/arm-none-eabi/12.3.1/../../../../arm-none-eabi/lib/thumb/v7e-m+fp/hard/crt0.o (memset)
[...]
Memory Configuration

Name             Origin             Length             Attributes
CCMRAM           0x10000000         0x00010000         xrw
RAM              0x20000000         0x00020000         xrw
FLASH            0x08000000         0x00100000         xr
*default*        0x00000000         0xffffffff

Linker script and memory map

LOAD D:/stm32ide/STM32CubeIDE_1.17.0/STM32CubeIDE/plugins/com.st.stm32cube.ide.mcu.externaltools.gnu-tools-for-stm32.12.3.rel1.win32_1.1.0.202410251130/tools/bin/../lib/gcc/arm-none-eabi/12.3.1/thumb/v7e-m+fp/hard/crti.o
LOAD D:/stm32ide/STM32CubeIDE_1.17.0/STM32CubeIDE/plugins/com.st.stm32cube.ide.mcu.externaltools.gnu-tools-for-stm32.12.3.rel1.win32_1.1.0.202410251130/tools/bin/../lib/gcc/arm-none-eabi/12.3.1/thumb/v7e-m+fp/hard/crtbegin.o
LOAD D:/stm32ide/STM32CubeIDE_1.17.0/STM32CubeIDE/plugins/com.st.stm32cube.ide.mcu.externaltools.gnu-tools-for-stm32.12.3.rel1.win32_1.1.0.202410251130/tools/bin/../lib/gcc/arm-none-eabi/12.3.1/../../../../arm-none-eabi/lib/thumb/v7e-m+fp/hard/crt0.o
LOAD ./Core/Src/File_Handling.o
LOAD ./Core/Src/main.o
LOAD ./Core/Src/stm32f4xx_hal_msp.o
LOAD ./Core/Src/stm32f4xx_it.o
LOAD ./Core/Src/syscalls.o
LOAD ./Core/Src/sysmem.o
LOAD ./Core/Src/system_stm32f4xx.o
LOAD ./Core/Startup/startup_stm32f407vgtx.o
LOAD ./Drivers/STM32F4xx_HAL_Driver/Src/stm32f4xx_hal.o
LOAD ./Drivers/STM32F4xx_HAL_Driver/Src/stm32f4xx_hal_cortex.o
LOAD ./Drivers/STM32F4xx_HAL_Driver/Src/stm32f4xx_hal_dma.o
LOAD ./Drivers/STM32F4xx_HAL_Driver/Src/stm32f4xx_hal_dma_ex.o
LOAD ./Drivers/STM32F4xx_HAL_Driver/Src/stm32f4xx_hal_exti.o
LOAD ./Drivers/STM32F4xx_HAL_Driver/Src/stm32f4xx_hal_flash.o
LOAD ./Drivers/STM32F4xx_HAL_Driver/Src/stm32f4xx_hal_flash_ex.o
LOAD ./Drivers/STM32F4xx_HAL_Driver/Src/stm32f4xx_hal_flash_ramfunc.o
LOAD ./Drivers/STM32F4xx_HAL_Driver/Src/stm32f4xx_hal_gpio.o
LOAD ./Drivers/STM32F4xx_HAL_Driver/Src/stm32f4xx_hal_hcd.o
LOAD ./Drivers/STM32F4xx_HAL_Driver/Src/stm32f4xx_hal_pwr.o
LOAD ./Drivers/STM32F4xx_HAL_Driver/Src/stm32f4xx_hal_pwr_ex.o
LOAD ./Drivers/STM32F4xx_HAL_Driver/Src/stm32f4xx_hal_rcc.o
LOAD ./Drivers/STM32F4xx_HAL_Driver/Src/stm32f4xx_hal_rcc_ex.o
LOAD ./Drivers/STM32F4xx_HAL_Driver/Src/stm32f4xx_hal_uart.o
LOAD ./Drivers/STM32F4xx_HAL_Driver/Src/stm32f4xx_ll_usb.o
LOAD ./FATFS/App/fatfs.o
LOAD ./FATFS/Target/usbh_diskio.o
LOAD ./Middlewares/ST/STM32_USB_Host_Library/Class/MSC/Src/usbh_msc.o
LOAD ./Middlewares/ST/STM32_USB_Host_Library/Class/MSC/Src/usbh_msc_bot.o
LOAD ./Middlewares/ST/STM32_USB_Host_Library/Class/MSC/Src/usbh_msc_scsi.o
LOAD ./Middlewares/ST/STM32_USB_Host_Library/Core/Src/usbh_core.o
LOAD ./Middlewares/ST/STM32_USB_Host_Library/Core/Src/usbh_ctlreq.o
LOAD ./Middlewares/ST/STM32_USB_Host_Library/Core/Src/usbh_ioreq.o
LOAD ./Middlewares/ST/STM32_USB_Host_Library/Core/Src/usbh_pipes.o
LOAD ./Middlewares/Third_Party/FatFs/src/diskio.o
LOAD ./Middlewares/Third_Party/FatFs/src/ff.o
LOAD ./Middlewares/Third_Party/FatFs/src/ff_gen_drv.o
LOAD ./Middlewares/Third_Party/FatFs/src/option/ccsbcs.o
LOAD ./Middlewares/Third_Party/FatFs/src/option/syscall.o
LOAD ./USB_HOST/App/usb_host.o
LOAD ./USB_HOST/Target/usbh_conf.o
LOAD ./USB_HOST/Target/usbh_platform.o
START GROUP
LOAD D:/stm32ide/STM32CubeIDE_1.17.0/STM32CubeIDE/plugins/com.st.stm32cube.ide.mcu.externaltools.gnu-tools-for-stm32.12.3.rel1.win32_1.1.0.202410251130/tools/bin/../lib/gcc/arm-none-eabi/12.3.1/../../../../arm-none-eabi/lib/thumb/v7e-m+fp/hard\libc_nano.a
LOAD D:/stm32ide/STM32CubeIDE_1.17.0/STM32CubeIDE/plugins/com.st.stm32cube.ide.mcu.externaltools.gnu-tools-for-stm32.12.3.rel1.win32_1.1.0.202410251130/tools/bin/../lib/gcc/arm-none-eabi/12.3.1/../../../../arm-none-eabi/lib/thumb/v7e-m+fp/hard\libm.a
END GROUP
START GROUP
LOAD D:/stm32ide/STM32CubeIDE_1.17.0/STM32CubeIDE/plugins/com.st.stm32cube.ide.mcu.externaltools.gnu-tools-for-stm32.12.3.rel1.win32_1.1.0.202410251130/tools/bin/../lib/gcc/arm-none-eabi/12.3.1/thumb/v7e-m+fp/hard\libgcc.a
LOAD D:/stm32ide/STM32CubeIDE_1.17.0/STM32CubeIDE/plugins/com.st.stm32cube.ide.mcu.externaltools.gnu-tools-for-stm32.12.3.rel1.win32_1.1.0.202410251130/tools/bin/../lib/gcc/arm-none-eabi/12.3.1/../../../../arm-none-eabi/lib/thumb/v7e-m+fp/hard\libc_nano.a
END GROUP
START GROUP
LOAD D:/stm32ide/STM32CubeIDE_1.17.0/STM32CubeIDE/plugins/com.st.stm32cube.ide.mcu.externaltools.gnu-tools-for-stm32.12.3.rel1.win32_1.1.0.202410251130/tools/bin/../lib/gcc/arm-none-eabi/12.3.1/thumb/v7e-m+fp/hard\libgcc.a
LOAD D:/stm32ide/STM32CubeIDE_1.17.0/STM32CubeIDE/plugins/com.st.stm32cube.ide.mcu.externaltools.gnu-tools-for-stm32.12.3.rel1.win32_1.1.0.202410251130/tools/bin/../lib/gcc/arm-none-eabi/12.3.1/../../../../arm-none-eabi/lib/thumb/v7e-m+fp/hard\libc_nano.a
LOAD D:/stm32ide/STM32CubeIDE_1.17.0/STM32CubeIDE/plugins/com.st.stm32cube.ide.mcu.externaltools.gnu-tools-for-stm32.12.3.rel1.win32_1.1.0.202410251130/tools/bin/../lib/gcc/arm-none-eabi/12.3.1/../../../../arm-none-eabi/lib/thumb/v7e-m+fp/hard\libnosys.a
END GROUP
START GROUP
LOAD D:/stm32ide/STM32CubeIDE_1.17.0/STM32CubeIDE/plugins/com.st.stm32cube.ide.mcu.externaltools.gnu-tools-for-stm32.12.3.rel1.win32_1.1.0.202410251130/tools/bin/../lib/gcc/arm-none-eabi/12.3.1/thumb/v7e-m+fp/hard\libgcc.a
LOAD D:/stm32ide/STM32CubeIDE_1.17.0/STM32CubeIDE/plugins/com.st.stm32cube.ide.mcu.externaltools.gnu-tools-for-stm32.12.3.rel1.win32_1.1.0.202410251130/tools/bin/../lib/gcc/arm-none-eabi/12.3.1/../../../../arm-none-eabi/lib/thumb/v7e-m+fp/hard\libc_nano.a
LOAD D:/stm32ide/STM32CubeIDE_1.17.0/STM32CubeIDE/plugins/com.st.stm32cube.ide.mcu.externaltools.gnu-tools-for-stm32.12.3.rel1.win32_1.1.0.202410251130/tools/bin/../lib/gcc/arm-none-eabi/12.3.1/../../../../arm-none-eabi/lib/thumb/v7e-m+fp/hard\libnosys.a
END GROUP
LOAD D:/stm32ide/STM32CubeIDE_1.17.0/STM32CubeIDE/plugins/com.st.stm32cube.ide.mcu.externaltools.gnu-tools-for-stm32.12.3.rel1.win32_1.1.0.202410251130/tools/bin/../lib/gcc/arm-none-eabi/12.3.1/thumb/v7e-m+fp/hard/crtend.o
LOAD D:/stm32ide/STM32CubeIDE_1.17.0/STM32CubeIDE/plugins/com.st.stm32cube.ide.mcu.externaltools.gnu-tools-for-stm32.12.3.rel1.win32_1.1.0.202410251130/tools/bin/../lib/gcc/arm-none-eabi/12.3.1/thumb/v7e-m+fp/hard/crtn.o
                0x20020000                        _estack = (ORIGIN (RAM) + LENGTH (RAM))
                0x00000200                        _Min_Heap_Size = 0x200
                0x00000400                        _Min_Stack_Size = 0x400

.isr_vector     0x08000000      0x188
                0x08000000                        . = ALIGN (0x4)
 *(.isr_vector)
 .isr_vector    0x08000000      0x188 ./Core/Startup/startup_stm32f407vgtx.o
                0x08000000                g_pfnVectors
                0x08000188                        . = ALIGN (0x4)

.text           0x08000190     0xf89c
                0x08000190                        . = ALIGN (0x4)
 *(.text)
 .text          0x08000190       0x40 D:/stm32ide/STM32CubeIDE_1.17.0/STM32CubeIDE/plugins/com.st.stm32cube.ide.mcu.externaltools.gnu-tools-for-stm32.12.3.rel1.win32_1.1.0.202410251130/tools/bin/../lib/gcc/arm-none-eabi/12.3.1/thumb/v7e-m+fp/hard/crtbegin.o
 .text          0x080001d0       0x14 D:/stm32ide/STM32CubeIDE_1.17.0/STM32CubeIDE/plugins/com.st.stm32cube.ide.mcu.externaltools.gnu-tools-for-stm32.12.3.rel1.win32_1.1.0.202410251130/tools/bin/../lib/gcc/arm-none-eabi/12.3.1/../../../../arm-none-eabi/lib/thumb/v7e-m+fp/hard\libc_nano.a(libc_a-strcmp.o)
                0x080001d0                strcmp
 .text          0x080001e4       0x10 D:/stm32ide/STM32CubeIDE_1.17.0/STM32CubeIDE/plugins/com.st.stm32cube.ide.mcu.externaltools.gnu-tools-for-stm32.12.3.rel1.win32_1.1.0.202410251130/tools/bin/../lib/gcc/arm-none-eabi/12.3.1/../../../../arm-none-eabi/lib/thumb/v7e-m+fp/hard\libc_nano.a(libc_a-strlen.o)
                0x080001e4                strlen
 *fill*         0x080001f4        0xc 
 .text          0x08000200       0xa0 D:/stm32ide/STM32CubeIDE_1.17.0/STM32CubeIDE/plugins/com.st.stm32cube.ide.mcu.externaltools.gnu-tools-for-stm32.12.3.rel1.win32_1.1.0.202410251130/tools/bin/../lib/gcc/arm-none-eabi/12.3.1/../../../../arm-none-eabi/lib/thumb/v7e-m+fp/hard\libc_nano.a(libc_a-memchr.o)
                0x08000200                memchr
 .text          0x080002a0      0x254 D:/stm32ide/STM32CubeIDE_1.17.0/STM32CubeIDE/plugins/com.st.stm32cube.ide.mcu.externaltools.gnu-tools-for-stm32.12.3.rel1.win32_1.1.0.202410251130/tools/bin/../lib/gcc/arm-none-eabi/12.3.1/thumb/v7e-m+fp/hard\libgcc.a(_arm_muldf3.o)
                0x080002a0                __muldf3
                0x080002a0                __aeabi_dmul
 .text          0x080004f4      0x378 D:/stm32ide/STM32CubeIDE_1.17.0/STM32CubeIDE/plugins/com.st.stm32cube.ide.mcu.externaltools.gnu-tools-for-stm32.12.3.rel1.win32_1.1.0.202410251130/tools/bin/../lib/gcc/arm-none-eabi/12.3.1/thumb/v7e-m+fp/hard\libgcc.a(_arm_addsubdf3.o)
                0x080004f4                __aeabi_drsub
                0x080004fc                __aeabi_dsub
                0x080004fc                __subdf3
                0x08000500                __aeabi_dadd
                0x08000500                __adddf3
                0x08000778                __floatunsidf
                0x08000778                __aeabi_ui2d
                0x08000798                __floatsidf
                0x08000798                __aeabi_i2d
                0x080007bc                __aeabi_f2d
                0x080007bc                __extendsfdf2
                0x08000800                __floatundidf
                0x08000800                __aeabi_ul2d
                0x08000810                __floatdidf
                0x08000810                __aeabi_l2d
 .text          0x0800086c       0x40 D:/stm32ide/STM32CubeIDE_1.17.0/STM32CubeIDE/plugins/com.st.stm32cube.ide.mcu.externaltools.gnu-tools-for-stm32.12.3.rel1.win32_1.1.0.202410251130/tools/bin/../lib/gcc/arm-none-eabi/12.3.1/thumb/v7e-m+fp/hard\libgcc.a(_arm_fixunsdfsi.o)
                0x0800086c                __aeabi_d2uiz
                0x0800086c                __fixunsdfsi
 .text          0x080008ac       0x30 D:/stm32ide/STM32CubeIDE_1.17.0/STM32CubeIDE/plugins/com.st.stm32cube.ide.mcu.externaltools.gnu-tools-for-stm32.12.3.rel1.win32_1.1.0.202410251130/tools/bin/../lib/gcc/arm-none-eabi/12.3.1/thumb/v7e-m+fp/hard\libgcc.a(_aeabi_uldivmod.o)
                0x080008ac                __aeabi_uldivmod
 .text          0x080008dc      0x2bc D:/stm32ide/STM32CubeIDE_1.17.0/STM32CubeIDE/plugins/com.st.stm32cube.ide.mcu.externaltools.gnu-tools-for-stm32.12.3.rel1.win32_1.1.0.202410251130/tools/bin/../lib/gcc/arm-none-eabi/12.3.1/thumb/v7e-m+fp/hard\libgcc.a(_udivmoddi4.o)
                0x080008dc                __udivmoddi4
 .text          0x08000b98        0x4 D:/stm32ide/STM32CubeIDE_1.17.0/STM32CubeIDE/plugins/com.st.stm32cube.ide.mcu.externaltools.gnu-tools-for-stm32.12.3.rel1.win32_1.1.0.202410251130/tools/bin/../lib/gcc/arm-none-eabi/12.3.1/thumb/v7e-m+fp/hard\libgcc.a(_dvmd_tls.o)
                0x08000b98                __aeabi_idiv0
                0x08000b98                __aeabi_ldiv0
 *(.text*)
 .text.Send_Uart
                0x08000b9c       0x2c ./Core/Src/File_Handling.o
                0x08000b9c                Send_Uart
 .text.Mount_USB
                0x08000bc8       0x44 ./Core/Src/File_Handling.o
                0x08000bc8                Mount_USB
 .text.Unmount_USB
                0x08000c0c       0x40 ./Core/Src/File_Handling.o
                0x08000c0c                Unmount_USB
 .text.Scan_USB
                0x08000c4c      0x14c ./Core/Src/File_Handling.o
                0x08000c4c                Scan_USB
 .text.Write_File
                0x08000d98      0x188 ./Core/Src/File_Handling.o
                0x08000d98                Write_File
 .text.Create_File
                0x08000f20      0x138 ./Core/Src/File_Handling.o
                0x08000f20                Create_File
 .text.Update_File
                0x08001058      0x1b0 ./Core/Src/File_Handling.o
                0x08001058                Update_File
 .text.Create_Dir
                0x08001208       0x80 ./Core/Src/File_Handling.o
                0x08001208                Create_Dir
 .text.Check_USB_Details
                0x08001288       0xe8 ./Core/Src/File_Handling.o
                0x08001288                Check_USB_Details
 .text.main     0x08001370       0xac ./Core/Src/main.o
                0x08001370                main
 .text.SystemClock_Config
                0x0800141c       0xd4 ./Core/Src/main.o
                0x0800141c                SystemClock_Config
 .text.MX_USART2_UART_Init
                0x080014f0       0x54 ./Core/Src/main.o
 .text.MX_GPIO_Init
                0x08001544       0xec ./Core/Src/main.o
 .text.Error_Handler
                0x08001630        0xc ./Core/Src/main.o
                0x08001630                Error_Handler
 .text.HAL_MspInit
                0x0800163c       0x50 ./Core/Src/stm32f4xx_hal_msp.o
                0x0800163c                HAL_MspInit
 .text.HAL_UART_MspInit
                0x0800168c       0x90 ./Core/Src/stm32f4xx_hal_msp.o
                0x0800168c                HAL_UART_MspInit
 .text.NMI_Handler
                0x0800171c        0x8 ./Core/Src/stm32f4xx_it.o
                0x0800171c                NMI_Handler
 .text.HardFault_Handler
                0x08001724        0x8 ./Core/Src/stm32f4xx_it.o
                0x08001724                HardFault_Handler
 .text.MemManage_Handler
                0x0800172c        0x8 ./Core/Src/stm32f4xx_it.o
                0x0800172c                MemManage_Handler
 .text.BusFault_Handler
                0x08001734        0x8 ./Core/Src/stm32f4xx_it.o
                0x08001734                BusFault_Handler
 .text.UsageFault_Handler
                0x0800173c        0x8 ./Core/Src/stm32f4xx_it.o
                0x0800173c                UsageFault_Handler
 .text.SVC_Handler
                0x08001744        0xe ./Core/Src/stm32f4xx_it.o
                0x08001744                SVC_Handler
 .text.DebugMon_Handler
                0x08001752        0xe ./Core/Src/stm32f4xx_it.o
                0x08001752                DebugMon_Handler
 .text.PendSV_Handler
                0x08001760        0xe ./Core/Src/stm32f4xx_it.o
                0x08001760                PendSV_Handler
 .text.SysTick_Handler
                0x0800176e        0xc ./Core/Src/stm32f4xx_it.o
                0x0800176e                SysTick_Handler
 *fill*         0x0800177a        0x2 
 .text.OTG_FS_IRQHandler
                0x0800177c       0x14 ./Core/Src/stm32f4xx_it.o
                0x0800177c                OTG_FS_IRQHandler
 .text._sbrk    0x08001790       0x6c ./Core/Src/sysmem.o
                0x08001790                _sbrk
 .text.SystemInit
                0x080017fc       0x24 ./Core/Src/system_stm32f4xx.o
                0x080017fc                SystemInit
 .text.Reset_Handler
                0x08001820       0x50 ./Core/Startup/startup_stm32f407vgtx.o
                0x08001820                Reset_Handler
 .text.Default_Handler
                0x08001870        0x2 ./Core/Startup/startup_stm32f407vgtx.o
                0x08001870                RTC_Alarm_IRQHandler
                0x08001870                HASH_RNG_IRQHandler
                0x08001870                EXTI2_IRQHandler
                0x08001870                TIM8_CC_IRQHandler
                0x08001870                TIM1_CC_IRQHandler
                0x08001870                DMA2_Stream5_IRQHandler
                0x08001870                DMA1_Stream5_IRQHandler
                0x08001870                PVD_IRQHandler
                0x08001870                SDIO_IRQHandler
                0x08001870                TAMP_STAMP_IRQHandler
                0x08001870                CAN2_RX1_IRQHandler
                0x08001870                EXTI3_IRQHandler
                0x08001870                TIM8_TRG_COM_TIM14_IRQHandler
                0x08001870                TIM1_UP_TIM10_IRQHandler
                0x08001870                TIM8_UP_TIM13_IRQHandler
                0x08001870                I2C3_ER_IRQHandler
                0x08001870                EXTI0_IRQHandler
                0x08001870                I2C2_EV_IRQHandler
                0x08001870                DMA1_Stream2_IRQHandler
                0x08001870                CAN1_RX0_IRQHandler
                0x08001870                FPU_IRQHandler
                0x08001870                OTG_HS_WKUP_IRQHandler
                0x08001870                CAN2_SCE_IRQHandler
                0x08001870                DMA2_Stream2_IRQHandler
                0x08001870                SPI1_IRQHandler
                0x08001870                TIM6_DAC_IRQHandler
                0x08001870                TIM1_BRK_TIM9_IRQHandler
                0x08001870                DCMI_IRQHandler
                0x08001870                CAN2_RX0_IRQHandler
                0x08001870                DMA2_Stream3_IRQHandler
                0x08001870                USART6_IRQHandler
                0x08001870                USART3_IRQHandler
                0x08001870                CAN1_RX1_IRQHandler
                0x08001870                UART5_IRQHandler
                0x08001870                DMA2_Stream0_IRQHandler
                0x08001870                TIM4_IRQHandler
                0x08001870                I2C1_EV_IRQHandler
                0x08001870                DMA1_Stream6_IRQHandler
                0x08001870                DMA1_Stream1_IRQHandler
                0x08001870                UART4_IRQHandler
                0x08001870                TIM3_IRQHandler
                0x08001870                RCC_IRQHandler
                0x08001870                TIM8_BRK_TIM12_IRQHandler
                0x08001870                Default_Handler
                0x08001870                EXTI15_10_IRQHandler
                0x08001870                ADC_IRQHandler
                0x08001870                DMA1_Stream7_IRQHandler
                0x08001870                TIM7_IRQHandler
                0x08001870                CAN2_TX_IRQHandler
                0x08001870                TIM5_IRQHandler
                0x08001870                DMA2_Stream7_IRQHandler
                0x08001870                I2C3_EV_IRQHandler
                0x08001870                EXTI9_5_IRQHandler
                0x08001870                RTC_WKUP_IRQHandler
                0x08001870                ETH_WKUP_IRQHandler
                0x08001870                SPI2_IRQHandler
                0x08001870                OTG_HS_EP1_IN_IRQHandler
                0x08001870                DMA1_Stream0_IRQHandler
                0x08001870                CAN1_TX_IRQHandler
                0x08001870                EXTI4_IRQHandler
                0x08001870                FSMC_IRQHandler
                0x08001870                ETH_IRQHandler
                0x08001870                OTG_HS_EP1_OUT_IRQHandler
                0x08001870                WWDG_IRQHandler
                0x08001870                TIM2_IRQHandler
                0x08001870                OTG_FS_WKUP_IRQHandler
                0x08001870                TIM1_TRG_COM_TIM11_IRQHandler
                0x08001870                OTG_HS_IRQHandler
                0x08001870                EXTI1_IRQHandler
                0x08001870                USART2_IRQHandler
                0x08001870                I2C2_ER_IRQHandler
                0x08001870                DMA2_Stream1_IRQHandler
                0x08001870                CAN1_SCE_IRQHandler
                0x08001870                FLASH_IRQHandler
                0x08001870                DMA2_Stream4_IRQHandler
                0x08001870                USART1_IRQHandler
                0x08001870                SPI3_IRQHandler
                0x08001870                DMA1_Stream4_IRQHandler
                0x08001870                I2C1_ER_IRQHandler
                0x08001870                DMA2_Stream6_IRQHandler
                0x08001870                DMA1_Stream3_IRQHandler
 *fill*         0x08001872        0x2 
 .text.HAL_Init
                0x08001874       0x44 ./Drivers/STM32F4xx_HAL_Driver/Src/stm32f4xx_hal.o
                0x08001874                HAL_Init
 .text.HAL_InitTick
                0x080018b8       0x60 ./Drivers/STM32F4xx_HAL_Driver/Src/stm32f4xx_hal.o
                0x080018b8                HAL_InitTick
 .text.HAL_IncTick
                0x08001918       0x28 ./Drivers/STM32F4xx_HAL_Driver/Src/stm32f4xx_hal.o
                0x08001918                HAL_IncTick
 .text.HAL_GetTick
                0x08001940       0x18 ./Drivers/STM32F4xx_HAL_Driver/Src/stm32f4xx_hal.o
                0x08001940                HAL_GetTick
 .text.HAL_Delay
                0x08001958       0x48 ./Drivers/STM32F4xx_HAL_Driver/Src/stm32f4xx_hal.o
                0x08001958                HAL_Delay
 .text.__NVIC_SetPriorityGrouping
                0x080019a0       0x48 ./Drivers/STM32F4xx_HAL_Driver/Src/stm32f4xx_hal_cortex.o
 .text.__NVIC_GetPriorityGrouping
                0x080019e8       0x1c ./Drivers/STM32F4xx_HAL_Driver/Src/stm32f4xx_hal_cortex.o
 .text.__NVIC_EnableIRQ
                0x08001a04       0x3c ./Drivers/STM32F4xx_HAL_Driver/Src/stm32f4xx_hal_cortex.o
 .text.__NVIC_SetPriority
                0x08001a40       0x54 ./Drivers/STM32F4xx_HAL_Driver/Src/stm32f4xx_hal_cortex.o
 .text.NVIC_EncodePriority
                0x08001a94       0x66 ./Drivers/STM32F4xx_HAL_Driver/Src/stm32f4xx_hal_cortex.o
 *fill*         0x08001afa        0x2 
 .text.SysTick_Config
                0x08001afc       0x44 ./Drivers/STM32F4xx_HAL_Driver/Src/stm32f4xx_hal_cortex.o
 .text.HAL_NVIC_SetPriorityGrouping
                0x08001b40       0x16 ./Drivers/STM32F4xx_HAL_Driver/Src/stm32f4xx_hal_cortex.o
                0x08001b40                HAL_NVIC_SetPriorityGrouping
 .text.HAL_NVIC_SetPriority
                0x08001b56       0x38 ./Drivers/STM32F4xx_HAL_Driver/Src/stm32f4xx_hal_cortex.o
                0x08001b56                HAL_NVIC_SetPriority
 .text.HAL_NVIC_EnableIRQ
                0x08001b8e       0x1c ./Drivers/STM32F4xx_HAL_Driver/Src/stm32f4xx_hal_cortex.o
                0x08001b8e                HAL_NVIC_EnableIRQ
 .text.HAL_SYSTICK_Config
                0x08001baa       0x18 ./Drivers/STM32F4xx_HAL_Driver/Src/stm32f4xx_hal_cortex.o
                0x08001baa                HAL_SYSTICK_Config
 *fill*         0x08001bc2        0x2 
 .text.HAL_GPIO_Init
                0x08001bc4      0x338 ./Drivers/STM32F4xx_HAL_Driver/Src/stm32f4xx_hal_gpio.o
                0x08001bc4                HAL_GPIO_Init
 .text.HAL_GPIO_WritePin
                0x08001efc       0x32 ./Drivers/STM32F4xx_HAL_Driver/Src/stm32f4xx_hal_gpio.o
                0x08001efc                HAL_GPIO_WritePin
 .text.HAL_HCD_Init
                0x08001f2e       0xce ./Drivers/STM32F4xx_HAL_Driver/Src/stm32f4xx_hal_hcd.o
                0x08001f2e                HAL_HCD_Init
 .text.HAL_HCD_HC_Init
                0x08001ffc      0x170 ./Drivers/STM32F4xx_HAL_Driver/Src/stm32f4xx_hal_hcd.o
                0x08001ffc                HAL_HCD_HC_Init
 .text.HAL_HCD_HC_Halt
                0x0800216c       0x46 ./Drivers/STM32F4xx_HAL_Driver/Src/stm32f4xx_hal_hcd.o
                0x0800216c                HAL_HCD_HC_Halt
 *fill*         0x080021b2        0x2 
 .text.HAL_HCD_HC_SubmitRequest
                0x080021b4      0x33c ./Drivers/STM32F4xx_HAL_Driver/Src/stm32f4xx_hal_hcd.o
                0x080021b4                HAL_HCD_HC_SubmitRequest
 .text.HAL_HCD_IRQHandler
                0x080024f0      0x220 ./Drivers/STM32F4xx_HAL_Driver/Src/stm32f4xx_hal_hcd.o
                0x080024f0                HAL_HCD_IRQHandler
 .text.HAL_HCD_Start
                0x08002710       0x46 ./Drivers/STM32F4xx_HAL_Driver/Src/stm32f4xx_hal_hcd.o
                0x08002710                HAL_HCD_Start
 .text.HAL_HCD_Stop
                0x08002756       0x3a ./Drivers/STM32F4xx_HAL_Driver/Src/stm32f4xx_hal_hcd.o
                0x08002756                HAL_HCD_Stop
 .text.HAL_HCD_ResetPort
                0x08002790       0x1c ./Drivers/STM32F4xx_HAL_Driver/Src/stm32f4xx_hal_hcd.o
                0x08002790                HAL_HCD_ResetPort
 .text.HAL_HCD_HC_GetURBState
                0x080027ac       0x2a ./Drivers/STM32F4xx_HAL_Driver/Src/stm32f4xx_hal_hcd.o
                0x080027ac                HAL_HCD_HC_GetURBState
 .text.HAL_HCD_HC_GetXferCount
                0x080027d6       0x2a ./Drivers/STM32F4xx_HAL_Driver/Src/stm32f4xx_hal_hcd.o
                0x080027d6                HAL_HCD_HC_GetXferCount
 .text.HAL_HCD_GetCurrentFrame
                0x08002800       0x1c ./Drivers/STM32F4xx_HAL_Driver/Src/stm32f4xx_hal_hcd.o
                0x08002800                HAL_HCD_GetCurrentFrame
 .text.HAL_HCD_GetCurrentSpeed
                0x0800281c       0x1c ./Drivers/STM32F4xx_HAL_Driver/Src/stm32f4xx_hal_hcd.o
                0x0800281c                HAL_HCD_GetCurrentSpeed
 .text.HAL_HCD_HC_ClearHubInfo
                0x08002838       0x6a ./Drivers/STM32F4xx_HAL_Driver/Src/stm32f4xx_hal_hcd.o
                0x08002838                HAL_HCD_HC_ClearHubInfo
 .text.HCD_HC_IN_IRQHandler
                0x080028a2      0xcd2 ./Drivers/STM32F4xx_HAL_Driver/Src/stm32f4xx_hal_hcd.o
 .text.HCD_HC_OUT_IRQHandler
                0x08003574      0x97e ./Drivers/STM32F4xx_HAL_Driver/Src/stm32f4xx_hal_hcd.o
 .text.HCD_RXQLVL_IRQHandler
                0x08003ef2      0x1be ./Drivers/STM32F4xx_HAL_Driver/Src/stm32f4xx_hal_hcd.o
 .text.HCD_Port_IRQHandler
                0x080040b0       0xe6 ./Drivers/STM32F4xx_HAL_Driver/Src/stm32f4xx_hal_hcd.o
 *fill*         0x08004196        0x2 
 .text.HAL_RCC_OscConfig
                0x08004198      0x4f0 ./Drivers/STM32F4xx_HAL_Driver/Src/stm32f4xx_hal_rcc.o
                0x08004198                HAL_RCC_OscConfig
 .text.HAL_RCC_ClockConfig
                0x08004688      0x1cc ./Drivers/STM32F4xx_HAL_Driver/Src/stm32f4xx_hal_rcc.o
                0x08004688                HAL_RCC_ClockConfig
 .text.HAL_RCC_GetSysClockFreq
                0x08004854      0x20c ./Drivers/STM32F4xx_HAL_Driver/Src/stm32f4xx_hal_rcc.o
                0x08004854                HAL_RCC_GetSysClockFreq
 .text.HAL_RCC_GetHCLKFreq
                0x08004a60       0x18 ./Drivers/STM32F4xx_HAL_Driver/Src/stm32f4xx_hal_rcc.o
                0x08004a60                HAL_RCC_GetHCLKFreq
 .text.HAL_RCC_GetPCLK1Freq
                0x08004a78       0x28 ./Drivers/STM32F4xx_HAL_Driver/Src/stm32f4xx_hal_rcc.o
                0x08004a78                HAL_RCC_GetPCLK1Freq
 .text.HAL_RCC_GetPCLK2Freq
                0x08004aa0       0x28 ./Drivers/STM32F4xx_HAL_Driver/Src/stm32f4xx_hal_rcc.o
                0x08004aa0                HAL_RCC_GetPCLK2Freq
 .text.HAL_UART_Init
                0x08004ac8       0xa0 ./Drivers/STM32F4xx_HAL_Driver/Src/stm32f4xx_hal_uart.o
                0x08004ac8                HAL_UART_Init
 .text.HAL_UART_Transmit
                0x08004b68      0x116 ./Drivers/STM32F4xx_HAL_Driver/Src/stm32f4xx_hal_uart.o
                0x08004b68                HAL_UART_Transmit
 .text.UART_WaitOnFlagUntilTimeout
                0x08004c7e       0xb2 ./Drivers/STM32F4xx_HAL_Driver/Src/stm32f4xx_hal_uart.o
 .text.UART_EndRxTransfer
                0x08004d30       0xc6 ./Drivers/STM32F4xx_HAL_Driver/Src/stm32f4xx_hal_uart.o
 *fill*         0x08004df6        0x2 
 .text.UART_SetConfig
                0x08004df8      0x4e8 ./Drivers/STM32F4xx_HAL_Driver/Src/stm32f4xx_hal_uart.o
 .text.USB_CoreInit
                0x080052e0       0xc8 ./Drivers/STM32F4xx_HAL_Driver/Src/stm32f4xx_ll_usb.o
                0x080052e0                USB_CoreInit
 .text.USB_EnableGlobalInt
                0x080053a8       0x22 ./Drivers/STM32F4xx_HAL_Driver/Src/stm32f4xx_ll_usb.o
                0x080053a8                USB_EnableGlobalInt
 .text.USB_DisableGlobalInt
                0x080053ca       0x22 ./Drivers/STM32F4xx_HAL_Driver/Src/stm32f4xx_ll_usb.o
                0x080053ca                USB_DisableGlobalInt
 .text.USB_SetCurrentMode
                0x080053ec       0x98 ./Drivers/STM32F4xx_HAL_Driver/Src/stm32f4xx_ll_usb.o
                0x080053ec                USB_SetCurrentMode
 .text.USB_FlushTxFifo
                0x08005484       0x64 ./Drivers/STM32F4xx_HAL_Driver/Src/stm32f4xx_ll_usb.o
                0x08005484                USB_FlushTxFifo
 .text.USB_FlushRxFifo
                0x080054e8       0x5c ./Drivers/STM32F4xx_HAL_Driver/Src/stm32f4xx_ll_usb.o
                0x080054e8                USB_FlushRxFifo
 .text.USB_WritePacket
                0x08005544       0x7c ./Drivers/STM32F4xx_HAL_Driver/Src/stm32f4xx_ll_usb.o
                0x08005544                USB_WritePacket
 .text.USB_ReadPacket
                0x080055c0       0xb0 ./Drivers/STM32F4xx_HAL_Driver/Src/stm32f4xx_ll_usb.o
                0x080055c0                USB_ReadPacket
 .text.USB_ReadInterrupts
                0x08005670       0x26 ./Drivers/STM32F4xx_HAL_Driver/Src/stm32f4xx_ll_usb.o
                0x08005670                USB_ReadInterrupts
 .text.USB_ReadChInterrupts
                0x08005696       0x42 ./Drivers/STM32F4xx_HAL_Driver/Src/stm32f4xx_ll_usb.o
                0x08005696                USB_ReadChInterrupts
 .text.USB_GetMode
                0x080056d8       0x1c ./Drivers/STM32F4xx_HAL_Driver/Src/stm32f4xx_ll_usb.o
                0x080056d8                USB_GetMode
 .text.USB_CoreReset
                0x080056f4       0x62 ./Drivers/STM32F4xx_HAL_Driver/Src/stm32f4xx_ll_usb.o
 *fill*         0x08005756        0x2 
 .text.USB_HostInit
                0x08005758      0x188 ./Drivers/STM32F4xx_HAL_Driver/Src/stm32f4xx_ll_usb.o
                0x08005758                USB_HostInit
 .text.USB_InitFSLSPClkSel
                0x080058e0       0x7a ./Drivers/STM32F4xx_HAL_Driver/Src/stm32f4xx_ll_usb.o
                0x080058e0                USB_InitFSLSPClkSel
 .text.USB_ResetPort
                0x0800595a       0x54 ./Drivers/STM32F4xx_HAL_Driver/Src/stm32f4xx_ll_usb.o
                0x0800595a                USB_ResetPort
 .text.USB_DriveVbus
                0x080059ae       0x72 ./Drivers/STM32F4xx_HAL_Driver/Src/stm32f4xx_ll_usb.o
                0x080059ae                USB_DriveVbus
 .text.USB_GetHostSpeed
                0x08005a20       0x2e ./Drivers/STM32F4xx_HAL_Driver/Src/stm32f4xx_ll_usb.o
                0x08005a20                USB_GetHostSpeed
 .text.USB_GetCurrentFrame
                0x08005a4e       0x22 ./Drivers/STM32F4xx_HAL_Driver/Src/stm32f4xx_ll_usb.o
                0x08005a4e                USB_GetCurrentFrame
 .text.USB_HC_Init
                0x08005a70      0x258 ./Drivers/STM32F4xx_HAL_Driver/Src/stm32f4xx_ll_usb.o
                0x08005a70                USB_HC_Init
 .text.USB_HC_StartXfer
                0x08005cc8      0x4f4 ./Drivers/STM32F4xx_HAL_Driver/Src/stm32f4xx_ll_usb.o
                0x08005cc8                USB_HC_StartXfer
 .text.USB_HC_ReadInterrupt
                0x080061bc       0x22 ./Drivers/STM32F4xx_HAL_Driver/Src/stm32f4xx_ll_usb.o
                0x080061bc                USB_HC_ReadInterrupt
 .text.USB_HC_Halt
                0x080061de      0x240 ./Drivers/STM32F4xx_HAL_Driver/Src/stm32f4xx_ll_usb.o
                0x080061de                USB_HC_Halt
 *fill*         0x0800641e        0x2 
 .text.USB_DoPing
                0x08006420       0x78 ./Drivers/STM32F4xx_HAL_Driver/Src/stm32f4xx_ll_usb.o
                0x08006420                USB_DoPing
 .text.USB_StopHost
                0x08006498      0x124 ./Drivers/STM32F4xx_HAL_Driver/Src/stm32f4xx_ll_usb.o
                0x08006498                USB_StopHost
 .text.MX_FATFS_Init
                0x080065bc       0x24 ./FATFS/App/fatfs.o
                0x080065bc                MX_FATFS_Init
 .text.get_fattime
                0x080065e0       0x10 ./FATFS/App/fatfs.o
                0x080065e0                get_fattime
 .text.USBH_initialize
                0x080065f0       0x18 ./FATFS/Target/usbh_diskio.o
                0x080065f0                USBH_initialize
 .text.USBH_status
                0x08006608       0x38 ./FATFS/Target/usbh_diskio.o
                0x08006608                USBH_status
 .text.USBH_read
                0x08006640       0x74 ./FATFS/Target/usbh_diskio.o
                0x08006640                USBH_read
 .text.USBH_write
                0x080066b4       0x84 ./FATFS/Target/usbh_diskio.o
                0x080066b4                USBH_write
 .text.USBH_ioctl
                0x08006738       0xd8 ./FATFS/Target/usbh_diskio.o
                0x08006738                USBH_ioctl
 .text.USBH_MSC_InterfaceInit
                0x08006810      0x244 ./Middlewares/ST/STM32_USB_Host_Library/Class/MSC/Src/usbh_msc.o
 .text.USBH_MSC_InterfaceDeInit
                0x08006a54       0x8c ./Middlewares/ST/STM32_USB_Host_Library/Class/MSC/Src/usbh_msc.o
 .text.USBH_MSC_ClassRequest
                0x08006ae0       0xce ./Middlewares/ST/STM32_USB_Host_Library/Class/MSC/Src/usbh_msc.o
 *fill*         0x08006bae        0x2 
 .text.USBH_MSC_Process
                0x08006bb0      0x5ac ./Middlewares/ST/STM32_USB_Host_Library/Class/MSC/Src/usbh_msc.o
 .text.USBH_MSC_SOFProcess
                0x0800715c       0x16 ./Middlewares/ST/STM32_USB_Host_Library/Class/MSC/Src/usbh_msc.o
 .text.USBH_MSC_RdWrProcess
                0x08007172      0x1a0 ./Middlewares/ST/STM32_USB_Host_Library/Class/MSC/Src/usbh_msc.o
 .text.USBH_MSC_UnitIsReady
                0x08007312       0x56 ./Middlewares/ST/STM32_USB_Host_Library/Class/MSC/Src/usbh_msc.o
                0x08007312                USBH_MSC_UnitIsReady
 .text.USBH_MSC_GetLUNInfo
                0x08007368       0x52 ./Middlewares/ST/STM32_USB_Host_Library/Class/MSC/Src/usbh_msc.o
                0x08007368                USBH_MSC_GetLUNInfo
 .text.USBH_MSC_Read
                0x080073ba       0xc0 ./Middlewares/ST/STM32_USB_Host_Library/Class/MSC/Src/usbh_msc.o
                0x080073ba                USBH_MSC_Read
 .text.USBH_MSC_Write
                0x0800747a       0xc0 ./Middlewares/ST/STM32_USB_Host_Library/Class/MSC/Src/usbh_msc.o
                0x0800747a                USBH_MSC_Write
 .text.USBH_MSC_BOT_REQ_Reset
                0x0800753a       0x3a ./Middlewares/ST/STM32_USB_Host_Library/Class/MSC/Src/usbh_msc_bot.o
                0x0800753a                USBH_MSC_BOT_REQ_Reset
 .text.USBH_MSC_BOT_REQ_GetMaxLUN
                0x08007574       0x3c ./Middlewares/ST/STM32_USB_Host_Library/Class/MSC/Src/usbh_msc_bot.o
                0x08007574                USBH_MSC_BOT_REQ_GetMaxLUN
 .text.USBH_MSC_BOT_Init
                0x080075b0       0x44 ./Middlewares/ST/STM32_USB_Host_Library/Class/MSC/Src/usbh_msc_bot.o
                0x080075b0                USBH_MSC_BOT_Init
 .text.USBH_MSC_BOT_Process
                0x080075f4      0x39c ./Middlewares/ST/STM32_USB_Host_Library/Class/MSC/Src/usbh_msc_bot.o
                0x080075f4                USBH_MSC_BOT_Process
 .text.USBH_MSC_BOT_Abort
                0x08007990       0x58 ./Middlewares/ST/STM32_USB_Host_Library/Class/MSC/Src/usbh_msc_bot.o
 .text.USBH_MSC_DecodeCSW
                0x080079e8       0x88 ./Middlewares/ST/STM32_USB_Host_Library/Class/MSC/Src/usbh_msc_bot.o
 .text.USBH_MSC_SCSI_TestUnitReady
                0x08007a70       0x86 ./Middlewares/ST/STM32_USB_Host_Library/Class/MSC/Src/usbh_msc_scsi.o
                0x08007a70                USBH_MSC_SCSI_TestUnitReady
 .text.USBH_MSC_SCSI_ReadCapacity
                0x08007af6       0xf4 ./Middlewares/ST/STM32_USB_Host_Library/Class/MSC/Src/usbh_msc_scsi.o
                0x08007af6                USBH_MSC_SCSI_ReadCapacity
 .text.USBH_MSC_SCSI_Inquiry
                0x08007bea      0x14a ./Middlewares/ST/STM32_USB_Host_Library/Class/MSC/Src/usbh_msc_scsi.o
                0x08007bea                USBH_MSC_SCSI_Inquiry
 .text.USBH_MSC_SCSI_RequestSense
                0x08007d34       0xfe ./Middlewares/ST/STM32_USB_Host_Library/Class/MSC/Src/usbh_msc_scsi.o
                0x08007d34                USBH_MSC_SCSI_RequestSense
 .text.USBH_MSC_SCSI_Write
                0x08007e32       0xe0 ./Middlewares/ST/STM32_USB_Host_Library/Class/MSC/Src/usbh_msc_scsi.o
                0x08007e32                USBH_MSC_SCSI_Write
 .text.USBH_MSC_SCSI_Read
                0x08007f12       0xe0 ./Middlewares/ST/STM32_USB_Host_Library/Class/MSC/Src/usbh_msc_scsi.o
                0x08007f12                USBH_MSC_SCSI_Read
 .text.USBH_Init
                0x08007ff2       0x74 ./Middlewares/ST/STM32_USB_Host_Library/Core/Src/usbh_core.o
                0x08007ff2                USBH_Init
 .text.DeInitStateMachine
                0x08008066       0xe6 ./Middlewares/ST/STM32_USB_Host_Library/Core/Src/usbh_core.o
 .text.USBH_RegisterClass
                0x0800814c       0x54 ./Middlewares/ST/STM32_USB_Host_Library/Core/Src/usbh_core.o
                0x0800814c                USBH_RegisterClass
 .text.USBH_SelectInterface
                0x080081a0       0x38 ./Middlewares/ST/STM32_USB_Host_Library/Core/Src/usbh_core.o
                0x080081a0                USBH_SelectInterface
 .text.USBH_FindInterface
                0x080081d8       0x8c ./Middlewares/ST/STM32_USB_Host_Library/Core/Src/usbh_core.o
                0x080081d8                USBH_FindInterface
 .text.USBH_Start
                0x08008264       0x20 ./Middlewares/ST/STM32_USB_Host_Library/Core/Src/usbh_core.o
                0x08008264                USBH_Start
 .text.USBH_Process
                0x08008284      0x3d0 ./Middlewares/ST/STM32_USB_Host_Library/Core/Src/usbh_core.o
                0x08008284                USBH_Process
 .text.USBH_HandleEnum
                0x08008654      0x3c0 ./Middlewares/ST/STM32_USB_Host_Library/Core/Src/usbh_core.o
 .text.USBH_LL_SetTimer
                0x08008a14       0x1e ./Middlewares/ST/STM32_USB_Host_Library/Core/Src/usbh_core.o
                0x08008a14                USBH_LL_SetTimer
 .text.USBH_LL_IncTimer
                0x08008a32       0x24 ./Middlewares/ST/STM32_USB_Host_Library/Core/Src/usbh_core.o
                0x08008a32                USBH_LL_IncTimer
 .text.USBH_HandleSof
                0x08008a56       0x30 ./Middlewares/ST/STM32_USB_Host_Library/Core/Src/usbh_core.o
 .text.USBH_LL_PortEnabled
                0x08008a86       0x1c ./Middlewares/ST/STM32_USB_Host_Library/Core/Src/usbh_core.o
                0x08008a86                USBH_LL_PortEnabled
 .text.USBH_LL_PortDisabled
                0x08008aa2       0x1c ./Middlewares/ST/STM32_USB_Host_Library/Core/Src/usbh_core.o
                0x08008aa2                USBH_LL_PortDisabled
 .text.USBH_LL_Connect
                0x08008abe       0x2e ./Middlewares/ST/STM32_USB_Host_Library/Core/Src/usbh_core.o
                0x08008abe                USBH_LL_Connect
 .text.USBH_LL_Disconnect
                0x08008aec       0x48 ./Middlewares/ST/STM32_USB_Host_Library/Core/Src/usbh_core.o
                0x08008aec                USBH_LL_Disconnect
 .text.USBH_Get_DevDesc
                0x08008b34       0x58 ./Middlewares/ST/STM32_USB_Host_Library/Core/Src/usbh_ctlreq.o
                0x08008b34                USBH_Get_DevDesc
 .text.USBH_Get_CfgDesc
                0x08008b8c       0x54 ./Middlewares/ST/STM32_USB_Host_Library/Core/Src/usbh_ctlreq.o
                0x08008b8c                USBH_Get_CfgDesc
 .text.USBH_Get_StringDesc
                0x08008be0       0x68 ./Middlewares/ST/STM32_USB_Host_Library/Core/Src/usbh_ctlreq.o
                0x08008be0                USBH_Get_StringDesc
 .text.USBH_GetDescriptor
                0x08008c48       0x6a ./Middlewares/ST/STM32_USB_Host_Library/Core/Src/usbh_ctlreq.o
                0x08008c48                USBH_GetDescriptor
 .text.USBH_SetAddress
                0x08008cb2       0x48 ./Middlewares/ST/STM32_USB_Host_Library/Core/Src/usbh_ctlreq.o
                0x08008cb2                USBH_SetAddress
 .text.USBH_SetCfg
                0x08008cfa       0x46 ./Middlewares/ST/STM32_USB_Host_Library/Core/Src/usbh_ctlreq.o
                0x08008cfa                USBH_SetCfg
 .text.USBH_SetFeature
                0x08008d40       0x48 ./Middlewares/ST/STM32_USB_Host_Library/Core/Src/usbh_ctlreq.o
                0x08008d40                USBH_SetFeature
 .text.USBH_ClrFeature
                0x08008d88       0x48 ./Middlewares/ST/STM32_USB_Host_Library/Core/Src/usbh_ctlreq.o
                0x08008d88                USBH_ClrFeature
 .text.USBH_ParseDevDesc
                0x08008dd0      0x160 ./Middlewares/ST/STM32_USB_Host_Library/Core/Src/usbh_ctlreq.o
 .text.USBH_ParseCfgDesc
                0x08008f30      0x1f0 ./Middlewares/ST/STM32_USB_Host_Library/Core/Src/usbh_ctlreq.o
 .text.USBH_ParseInterfaceDesc
                0x08009120       0x68 ./Middlewares/ST/STM32_USB_Host_Library/Core/Src/usbh_ctlreq.o
 .text.USBH_ParseEPDesc
                0x08009188      0x1d0 ./Middlewares/ST/STM32_USB_Host_Library/Core/Src/usbh_ctlreq.o
 .text.USBH_ParseStringDesc
                0x08009358       0x66 ./Middlewares/ST/STM32_USB_Host_Library/Core/Src/usbh_ctlreq.o
 .text.USBH_GetNextDesc
                0x080093be       0x34 ./Middlewares/ST/STM32_USB_Host_Library/Core/Src/usbh_ctlreq.o
                0x080093be                USBH_GetNextDesc
 .text.USBH_CtlReq
                0x080093f2       0x7a ./Middlewares/ST/STM32_USB_Host_Library/Core/Src/usbh_ctlreq.o
                0x080093f2                USBH_CtlReq
 .text.USBH_HandleControl
                0x0800946c      0x2e8 ./Middlewares/ST/STM32_USB_Host_Library/Core/Src/usbh_ctlreq.o
 .text.USBH_CtlSendSetup
                0x08009754       0x34 ./Middlewares/ST/STM32_USB_Host_Library/Core/Src/usbh_ioreq.o
                0x08009754                USBH_CtlSendSetup
 .text.USBH_CtlSendData
                0x08009788       0x4a ./Middlewares/ST/STM32_USB_Host_Library/Core/Src/usbh_ioreq.o
                0x08009788                USBH_CtlSendData
 .text.USBH_CtlReceiveData
                0x080097d2       0x3c ./Middlewares/ST/STM32_USB_Host_Library/Core/Src/usbh_ioreq.o
                0x080097d2                USBH_CtlReceiveData
 .text.USBH_BulkSendData
                0x0800980e       0x4a ./Middlewares/ST/STM32_USB_Host_Library/Core/Src/usbh_ioreq.o
                0x0800980e                USBH_BulkSendData
 .text.USBH_BulkReceiveData
                0x08009858       0x3c ./Middlewares/ST/STM32_USB_Host_Library/Core/Src/usbh_ioreq.o
                0x08009858                USBH_BulkReceiveData
 .text.USBH_OpenPipe
                0x08009894       0x3e ./Middlewares/ST/STM32_USB_Host_Library/Core/Src/usbh_pipes.o
                0x08009894                USBH_OpenPipe
 .text.USBH_ClosePipe
                0x080098d2       0x20 ./Middlewares/ST/STM32_USB_Host_Library/Core/Src/usbh_pipes.o
                0x080098d2                USBH_ClosePipe
 .text.USBH_AllocPipe
                0x080098f2       0x42 ./Middlewares/ST/STM32_USB_Host_Library/Core/Src/usbh_pipes.o
                0x080098f2                USBH_AllocPipe
 .text.USBH_FreePipe
                0x08009934       0x3c ./Middlewares/ST/STM32_USB_Host_Library/Core/Src/usbh_pipes.o
                0x08009934                USBH_FreePipe
 .text.USBH_GetFreePipe
                0x08009970       0x48 ./Middlewares/ST/STM32_USB_Host_Library/Core/Src/usbh_pipes.o
 .text.disk_status
                0x080099b8       0x34 ./Middlewares/Third_Party/FatFs/src/diskio.o
                0x080099b8                disk_status
 .text.disk_initialize
                0x080099ec       0x50 ./Middlewares/Third_Party/FatFs/src/diskio.o
                0x080099ec                disk_initialize
 .text.disk_read
                0x08009a3c       0x40 ./Middlewares/Third_Party/FatFs/src/diskio.o
                0x08009a3c                disk_read
 .text.disk_write
                0x08009a7c       0x40 ./Middlewares/Third_Party/FatFs/src/diskio.o
                0x08009a7c                disk_write
 .text.disk_ioctl
                0x08009abc       0x3c ./Middlewares/Third_Party/FatFs/src/diskio.o
                0x08009abc                disk_ioctl
 .text.ld_word  0x08009af8       0x30 ./Middlewares/Third_Party/FatFs/src/ff.o
 .text.ld_dword
                0x08009b28       0x46 ./Middlewares/Third_Party/FatFs/src/ff.o
 .text.ld_qword
                0x08009b6e      0x1b6 ./Middlewares/Third_Party/FatFs/src/ff.o
 .text.st_word  0x08009d24       0x36 ./Middlewares/Third_Party/FatFs/src/ff.o
 .text.st_dword
                0x08009d5a       0x58 ./Middlewares/Third_Party/FatFs/src/ff.o
 .text.st_qword
                0x08009db2      0x110 ./Middlewares/Third_Party/FatFs/src/ff.o
 .text.mem_cpy  0x08009ec2       0x42 ./Middlewares/Third_Party/FatFs/src/ff.o
 .text.mem_set  0x08009f04       0x36 ./Middlewares/Third_Party/FatFs/src/ff.o
 .text.mem_cmp  0x08009f3a       0x4e ./Middlewares/Third_Party/FatFs/src/ff.o
 .text.chk_chr  0x08009f88       0x36 ./Middlewares/Third_Party/FatFs/src/ff.o
 *fill*         0x08009fbe        0x2 
 .text.chk_lock
                0x08009fc0       0xb8 ./Middlewares/Third_Party/FatFs/src/ff.o
 .text.enq_lock
                0x0800a078       0x44 ./Middlewares/Third_Party/FatFs/src/ff.o
 .text.inc_lock
                0x0800a0bc      0x11c ./Middlewares/Third_Party/FatFs/src/ff.o
 .text.dec_lock
                0x0800a1d8       0x78 ./Middlewares/Third_Party/FatFs/src/ff.o
 .text.clear_lock
                0x0800a250       0x48 ./Middlewares/Third_Party/FatFs/src/ff.o
 .text.sync_window
                0x0800a298       0x88 ./Middlewares/Third_Party/FatFs/src/ff.o
 .text.move_window
                0x0800a320       0x5a ./Middlewares/Third_Party/FatFs/src/ff.o
 *fill*         0x0800a37a        0x2 
 .text.sync_fs  0x0800a37c       0xe0 ./Middlewares/Third_Party/FatFs/src/ff.o
 .text.clust2sect
                0x0800a45c       0x3e ./Middlewares/Third_Party/FatFs/src/ff.o
 *fill*         0x0800a49a        0x2 
 .text.get_fat  0x0800a49c      0x2a8 ./Middlewares/Third_Party/FatFs/src/ff.o
 .text.put_fat  0x0800a744      0x23c ./Middlewares/Third_Party/FatFs/src/ff.o
 .text.find_bitmap
                0x0800a980      0x10e ./Middlewares/Third_Party/FatFs/src/ff.o
 .text.change_bitmap
                0x0800aa8e       0xea ./Middlewares/Third_Party/FatFs/src/ff.o
 .text.fill_first_frag
                0x0800ab78       0x5e ./Middlewares/Third_Party/FatFs/src/ff.o
 .text.fill_last_frag
                0x0800abd6       0x62 ./Middlewares/Third_Party/FatFs/src/ff.o
 .text.remove_chain
                0x0800ac38      0x168 ./Middlewares/Third_Party/FatFs/src/ff.o
 .text.create_chain
                0x0800ada0      0x202 ./Middlewares/Third_Party/FatFs/src/ff.o
 .text.clmt_clust
                0x0800afa2       0x98 ./Middlewares/Third_Party/FatFs/src/ff.o
 .text.dir_sdi  0x0800b03a      0x128 ./Middlewares/Third_Party/FatFs/src/ff.o
 .text.dir_next
                0x0800b162      0x1cc ./Middlewares/Third_Party/FatFs/src/ff.o
 .text.dir_alloc
                0x0800b32e       0xb8 ./Middlewares/Third_Party/FatFs/src/ff.o
 .text.ld_clust
                0x0800b3e6       0x3e ./Middlewares/Third_Party/FatFs/src/ff.o
 .text.st_clust
                0x0800b424       0x40 ./Middlewares/Third_Party/FatFs/src/ff.o
 .text.cmp_lfn  0x0800b464       0xe0 ./Middlewares/Third_Party/FatFs/src/ff.o
 .text.pick_lfn
                0x0800b544       0xc8 ./Middlewares/Third_Party/FatFs/src/ff.o
 .text.put_lfn  0x0800b60c       0xd0 ./Middlewares/Third_Party/FatFs/src/ff.o
 .text.gen_numname
                0x0800b6dc      0x11c ./Middlewares/Third_Party/FatFs/src/ff.o
 .text.sum_sfn  0x0800b7f8       0x42 ./Middlewares/Third_Party/FatFs/src/ff.o
 .text.xdir_sum
                0x0800b83a       0x64 ./Middlewares/Third_Party/FatFs/src/ff.o
 .text.xname_sum
                0x0800b89e       0x68 ./Middlewares/Third_Party/FatFs/src/ff.o
 .text.get_xdir_info
                0x0800b906      0x104 ./Middlewares/Third_Party/FatFs/src/ff.o
 *fill*         0x0800ba0a        0x2 
 .text.load_xdir
                0x0800ba0c      0x17c ./Middlewares/Third_Party/FatFs/src/ff.o
 .text.load_obj_dir
                0x0800bb88       0x6c ./Middlewares/Third_Party/FatFs/src/ff.o
 .text.store_xdir
                0x0800bbf4       0xb6 ./Middlewares/Third_Party/FatFs/src/ff.o
 .text.create_xdir
                0x0800bcaa       0xce ./Middlewares/Third_Party/FatFs/src/ff.o
 .text.dir_read
                0x0800bd78      0x18e ./Middlewares/Third_Party/FatFs/src/ff.o
 .text.dir_find
                0x0800bf06      0x254 ./Middlewares/Third_Party/FatFs/src/ff.o
 *fill*         0x0800c15a        0x2 
 .text.dir_register
                0x0800c15c      0x354 ./Middlewares/Third_Party/FatFs/src/ff.o
 .text.get_fileinfo
                0x0800c4b0      0x1da ./Middlewares/Third_Party/FatFs/src/ff.o
 *fill*         0x0800c68a        0x2 
 .text.create_name
                0x0800c68c      0x370 ./Middlewares/Third_Party/FatFs/src/ff.o
 .text.follow_path
                0x0800c9fc      0x15c ./Middlewares/Third_Party/FatFs/src/ff.o
 .text.get_ldnumber
                0x0800cb58       0x88 ./Middlewares/Third_Party/FatFs/src/ff.o
 .text.check_fs
                0x0800cbe0       0xc8 ./Middlewares/Third_Party/FatFs/src/ff.o
 .text.find_volume
                0x0800cca8      0x734 ./Middlewares/Third_Party/FatFs/src/ff.o
 .text.validate
                0x0800d3dc       0x6a ./Middlewares/Third_Party/FatFs/src/ff.o
 *fill*         0x0800d446        0x2 
 .text.f_mount  0x0800d448       0x8c ./Middlewares/Third_Party/FatFs/src/ff.o
                0x0800d448                f_mount
 .text.f_open   0x0800d4d4      0x59e ./Middlewares/Third_Party/FatFs/src/ff.o
                0x0800d4d4                f_open
 .text.f_write  0x0800da72      0x3ae ./Middlewares/Third_Party/FatFs/src/ff.o
                0x0800da72                f_write
 .text.f_sync   0x0800de20      0x23c ./Middlewares/Third_Party/FatFs/src/ff.o
                0x0800de20                f_sync
 .text.f_close  0x0800e05c       0x54 ./Middlewares/Third_Party/FatFs/src/ff.o
                0x0800e05c                f_close
 .text.f_opendir
                0x0800e0b0      0x152 ./Middlewares/Third_Party/FatFs/src/ff.o
                0x0800e0b0                f_opendir
 .text.f_closedir
                0x0800e202       0x4c ./Middlewares/Third_Party/FatFs/src/ff.o
                0x0800e202                f_closedir
 .text.f_readdir
                0x0800e24e       0x7a ./Middlewares/Third_Party/FatFs/src/ff.o
                0x0800e24e                f_readdir
 .text.f_stat   0x0800e2c8       0x72 ./Middlewares/Third_Party/FatFs/src/ff.o
                0x0800e2c8                f_stat
 .text.f_getfree
                0x0800e33a      0x20e ./Middlewares/Third_Party/FatFs/src/ff.o
                0x0800e33a                f_getfree
 .text.f_mkdir  0x0800e548      0x29c ./Middlewares/Third_Party/FatFs/src/ff.o
                0x0800e548                f_mkdir
 .text.FATFS_LinkDriverEx
                0x0800e7e4       0x98 ./Middlewares/Third_Party/FatFs/src/ff_gen_drv.o
                0x0800e7e4                FATFS_LinkDriverEx
 .text.FATFS_LinkDriver
                0x0800e87c       0x1e ./Middlewares/Third_Party/FatFs/src/ff_gen_drv.o
                0x0800e87c                FATFS_LinkDriver
 *fill*         0x0800e89a        0x2 
 .text.ff_convert
                0x0800e89c       0x78 ./Middlewares/Third_Party/FatFs/src/option/ccsbcs.o
                0x0800e89c                ff_convert
 .text.ff_wtoupper
                0x0800e914      0x114 ./Middlewares/Third_Party/FatFs/src/option/ccsbcs.o
                0x0800e914                ff_wtoupper
 .text.MX_USB_HOST_Init
                0x0800ea28       0x4c ./USB_HOST/App/usb_host.o
                0x0800ea28                MX_USB_HOST_Init
 .text.MX_USB_HOST_Process
                0x0800ea74       0x14 ./USB_HOST/App/usb_host.o
                0x0800ea74                MX_USB_HOST_Process
 .text.USBH_UserProcess
                0x0800ea88       0x6c ./USB_HOST/App/usb_host.o
 .text.HAL_HCD_MspInit
                0x0800eaf4       0xc4 ./USB_HOST/Target/usbh_conf.o
                0x0800eaf4                HAL_HCD_MspInit
 .text.HAL_HCD_SOF_Callback
                0x0800ebb8       0x1c ./USB_HOST/Target/usbh_conf.o
                0x0800ebb8                HAL_HCD_SOF_Callback
 .text.HAL_HCD_Connect_Callback
                0x0800ebd4       0x1c ./USB_HOST/Target/usbh_conf.o
                0x0800ebd4                HAL_HCD_Connect_Callback
 .text.HAL_HCD_Disconnect_Callback
                0x0800ebf0       0x1c ./USB_HOST/Target/usbh_conf.o
                0x0800ebf0                HAL_HCD_Disconnect_Callback
 .text.HAL_HCD_HC_NotifyURBChange_Callback
                0x0800ec0c       0x1c ./USB_HOST/Target/usbh_conf.o
                0x0800ec0c                HAL_HCD_HC_NotifyURBChange_Callback
 .text.HAL_HCD_PortEnabled_Callback
                0x0800ec28       0x1c ./USB_HOST/Target/usbh_conf.o
                0x0800ec28                HAL_HCD_PortEnabled_Callback
 .text.HAL_HCD_PortDisabled_Callback
                0x0800ec44       0x1c ./USB_HOST/Target/usbh_conf.o
                0x0800ec44                HAL_HCD_PortDisabled_Callback
 .text.USBH_LL_Init
                0x0800ec60       0x78 ./USB_HOST/Target/usbh_conf.o
                0x0800ec60                USBH_LL_Init
 .text.USBH_LL_Start
                0x0800ecd8       0x36 ./USB_HOST/Target/usbh_conf.o
                0x0800ecd8                USBH_LL_Start
 .text.USBH_LL_Stop
                0x0800ed0e       0x36 ./USB_HOST/Target/usbh_conf.o
                0x0800ed0e                USBH_LL_Stop
 .text.USBH_LL_GetSpeed
                0x0800ed44       0x4e ./USB_HOST/Target/usbh_conf.o
                0x0800ed44                USBH_LL_GetSpeed
 .text.USBH_LL_ResetPort
                0x0800ed92       0x36 ./USB_HOST/Target/usbh_conf.o
                0x0800ed92                USBH_LL_ResetPort
 .text.USBH_LL_GetLastXferSize
                0x0800edc8       0x26 ./USB_HOST/Target/usbh_conf.o
                0x0800edc8                USBH_LL_GetLastXferSize
 .text.USBH_LL_OpenPipe
                0x0800edee       0x5e ./USB_HOST/Target/usbh_conf.o
                0x0800edee                USBH_LL_OpenPipe
 .text.USBH_LL_ClosePipe
                0x0800ee4c       0x3e ./USB_HOST/Target/usbh_conf.o
                0x0800ee4c                USBH_LL_ClosePipe
 .text.USBH_LL_SubmitURB
                0x0800ee8a       0x62 ./USB_HOST/Target/usbh_conf.o
                0x0800ee8a                USBH_LL_SubmitURB
 .text.USBH_LL_GetURBState
                0x0800eeec       0x26 ./USB_HOST/Target/usbh_conf.o
                0x0800eeec                USBH_LL_GetURBState
 .text.USBH_LL_DriverVBUS
                0x0800ef12       0x2e ./USB_HOST/Target/usbh_conf.o
                0x0800ef12                USBH_LL_DriverVBUS
 .text.USBH_LL_SetToggle
                0x0800ef40       0x66 ./USB_HOST/Target/usbh_conf.o
                0x0800ef40                USBH_LL_SetToggle
 .text.USBH_LL_GetToggle
                0x0800efa6       0x66 ./USB_HOST/Target/usbh_conf.o
                0x0800efa6                USBH_LL_GetToggle
 .text.USBH_Delay
                0x0800f00c       0x16 ./USB_HOST/Target/usbh_conf.o
                0x0800f00c                USBH_Delay
 *fill*         0x0800f022        0x2 
 .text.USBH_Get_USB_Status
                0x0800f024       0x58 ./USB_HOST/Target/usbh_conf.o
                0x0800f024                USBH_Get_USB_Status
 .text.MX_DriverVbusFS
                0x0800f07c       0x38 ./USB_HOST/Target/usbh_platform.o
                0x0800f07c                MX_DriverVbusFS
 .text.malloc   0x0800f0b4       0x10 D:/stm32ide/STM32CubeIDE_1.17.0/STM32CubeIDE/plugins/com.st.stm32cube.ide.mcu.externaltools.gnu-tools-for-stm32.12.3.rel1.win32_1.1.0.202410251130/tools/bin/../lib/gcc/arm-none-eabi/12.3.1/../../../../arm-none-eabi/lib/thumb/v7e-m+fp/hard\libc_nano.a(libc_a-malloc.o)
                0x0800f0b4                malloc
 .text.free     0x0800f0c4       0x10 D:/stm32ide/STM32CubeIDE_1.17.0/STM32CubeIDE/plugins/com.st.stm32cube.ide.mcu.externaltools.gnu-tools-for-stm32.12.3.rel1.win32_1.1.0.202410251130/tools/bin/../lib/gcc/arm-none-eabi/12.3.1/../../../../arm-none-eabi/lib/thumb/v7e-m+fp/hard\libc_nano.a(libc_a-malloc.o)
                0x0800f0c4                free
 .text.sbrk_aligned
                0x0800f0d4       0x44 D:/stm32ide/STM32CubeIDE_1.17.0/STM32CubeIDE/plugins/com.st.stm32cube.ide.mcu.externaltools.gnu-tools-for-stm32.12.3.rel1.win32_1.1.0.202410251130/tools/bin/../lib/gcc/arm-none-eabi/12.3.1/../../../../arm-none-eabi/lib/thumb/v7e-m+fp/hard\libc_nano.a(libc_a-mallocr.o)
 .text._malloc_r
                0x0800f118      0x100 D:/stm32ide/STM32CubeIDE_1.17.0/STM32CubeIDE/plugins/com.st.stm32cube.ide.mcu.externaltools.gnu-tools-for-stm32.12.3.rel1.win32_1.1.0.202410251130/tools/bin/../lib/gcc/arm-none-eabi/12.3.1/../../../../arm-none-eabi/lib/thumb/v7e-m+fp/hard\libc_nano.a(libc_a-mallocr.o)
                0x0800f118                _malloc_r
 .text.__malloc_lock
                0x0800f218        0xc D:/stm32ide/STM32CubeIDE_1.17.0/STM32CubeIDE/plugins/com.st.stm32cube.ide.mcu.externaltools.gnu-tools-for-stm32.12.3.rel1.win32_1.1.0.202410251130/tools/bin/../lib/gcc/arm-none-eabi/12.3.1/../../../../arm-none-eabi/lib/thumb/v7e-m+fp/hard\libc_nano.a(libc_a-mlock.o)
                0x0800f218                __malloc_lock
 .text.__malloc_unlock
                0x0800f224        0xc D:/stm32ide/STM32CubeIDE_1.17.0/STM32CubeIDE/plugins/com.st.stm32cube.ide.mcu.externaltools.gnu-tools-for-stm32.12.3.rel1.win32_1.1.0.202410251130/tools/bin/../lib/gcc/arm-none-eabi/12.3.1/../../../../arm-none-eabi/lib/thumb/v7e-m+fp/hard\libc_nano.a(libc_a-mlock.o)
                0x0800f224                __malloc_unlock
 .text.sprintf  0x0800f230       0x40 D:/stm32ide/STM32CubeIDE_1.17.0/STM32CubeIDE/plugins/com.st.stm32cube.ide.mcu.externaltools.gnu-tools-for-stm32.12.3.rel1.win32_1.1.0.202410251130/tools/bin/../lib/gcc/arm-none-eabi/12.3.1/../../../../arm-none-eabi/lib/thumb/v7e-m+fp/hard\libc_nano.a(libc_a-sprintf.o)
                0x0800f230                siprintf
                0x0800f230                sprintf
 .text.memset   0x0800f270       0x10 D:/stm32ide/STM32CubeIDE_1.17.0/STM32CubeIDE/plugins/com.st.stm32cube.ide.mcu.externaltools.gnu-tools-for-stm32.12.3.rel1.win32_1.1.0.202410251130/tools/bin/../lib/gcc/arm-none-eabi/12.3.1/../../../../arm-none-eabi/lib/thumb/v7e-m+fp/hard\libc_nano.a(libc_a-memset.o)
                0x0800f270                memset
 .text._sbrk_r  0x0800f280       0x20 D:/stm32ide/STM32CubeIDE_1.17.0/STM32CubeIDE/plugins/com.st.stm32cube.ide.mcu.externaltools.gnu-tools-for-stm32.12.3.rel1.win32_1.1.0.202410251130/tools/bin/../lib/gcc/arm-none-eabi/12.3.1/../../../../arm-none-eabi/lib/thumb/v7e-m+fp/hard\libc_nano.a(libc_a-sbrkr.o)
                0x0800f280                _sbrk_r
 .text.__errno  0x0800f2a0        0xc D:/stm32ide/STM32CubeIDE_1.17.0/STM32CubeIDE/plugins/com.st.stm32cube.ide.mcu.externaltools.gnu-tools-for-stm32.12.3.rel1.win32_1.1.0.202410251130/tools/bin/../lib/gcc/arm-none-eabi/12.3.1/../../../../arm-none-eabi/lib/thumb/v7e-m+fp/hard\libc_nano.a(libc_a-errno.o)
                0x0800f2a0                __errno
 .text.__libc_init_array
                0x0800f2ac       0x48 D:/stm32ide/STM32CubeIDE_1.17.0/STM32CubeIDE/plugins/com.st.stm32cube.ide.mcu.externaltools.gnu-tools-for-stm32.12.3.rel1.win32_1.1.0.202410251130/tools/bin/../lib/gcc/arm-none-eabi/12.3.1/../../../../arm-none-eabi/lib/thumb/v7e-m+fp/hard\libc_nano.a(libc_a-init.o)
                0x0800f2ac                __libc_init_array
 .text.__retarget_lock_acquire_recursive
                0x0800f2f4        0x2 D:/stm32ide/STM32CubeIDE_1.17.0/STM32CubeIDE/plugins/com.st.stm32cube.ide.mcu.externaltools.gnu-tools-for-stm32.12.3.rel1.win32_1.1.0.202410251130/tools/bin/../lib/gcc/arm-none-eabi/12.3.1/../../../../arm-none-eabi/lib/thumb/v7e-m+fp/hard\libc_nano.a(libc_a-lock.o)
                0x0800f2f4                __retarget_lock_acquire_recursive
 .text.__retarget_lock_release_recursive
                0x0800f2f6        0x2 D:/stm32ide/STM32CubeIDE_1.17.0/STM32CubeIDE/plugins/com.st.stm32cube.ide.mcu.externaltools.gnu-tools-for-stm32.12.3.rel1.win32_1.1.0.202410251130/tools/bin/../lib/gcc/arm-none-eabi/12.3.1/../../../../arm-none-eabi/lib/thumb/v7e-m+fp/hard\libc_nano.a(libc_a-lock.o)
                0x0800f2f6                __retarget_lock_release_recursive
 .text.memcpy   0x0800f2f8       0x1c D:/stm32ide/STM32CubeIDE_1.17.0/STM32CubeIDE/plugins/com.st.stm32cube.ide.mcu.externaltools.gnu-tools-for-stm32.12.3.rel1.win32_1.1.0.202410251130/tools/bin/../lib/gcc/arm-none-eabi/12.3.1/../../../../arm-none-eabi/lib/thumb/v7e-m+fp/hard\libc_nano.a(libc_a-memcpy-stub.o)
                0x0800f2f8                memcpy
 .text._free_r  0x0800f314       0x94 D:/stm32ide/STM32CubeIDE_1.17.0/STM32CubeIDE/plugins/com.st.stm32cube.ide.mcu.externaltools.gnu-tools-for-stm32.12.3.rel1.win32_1.1.0.202410251130/tools/bin/../lib/gcc/arm-none-eabi/12.3.1/../../../../arm-none-eabi/lib/thumb/v7e-m+fp/hard\libc_nano.a(libc_a-freer.o)
                0x0800f314                _free_r
 .text.__ssputs_r
                0x0800f3a8       0xb6 D:/stm32ide/STM32CubeIDE_1.17.0/STM32CubeIDE/plugins/com.st.stm32cube.ide.mcu.externaltools.gnu-tools-for-stm32.12.3.rel1.win32_1.1.0.202410251130/tools/bin/../lib/gcc/arm-none-eabi/12.3.1/../../../../arm-none-eabi/lib/thumb/v7e-m+fp/hard\libc_nano.a(libc_a-nano-svfprintf.o)
                0x0800f3a8                __ssputs_r
 *fill*         0x0800f45e        0x2 
 .text._svfprintf_r
                0x0800f460      0x1f8 D:/stm32ide/STM32CubeIDE_1.17.0/STM32CubeIDE/plugins/com.st.stm32cube.ide.mcu.externaltools.gnu-tools-for-stm32.12.3.rel1.win32_1.1.0.202410251130/tools/bin/../lib/gcc/arm-none-eabi/12.3.1/../../../../arm-none-eabi/lib/thumb/v7e-m+fp/hard\libc_nano.a(libc_a-nano-svfprintf.o)
                0x0800f460                _svfiprintf_r
                0x0800f460                _svfprintf_r
 .text._printf_common
                0x0800f658       0xda D:/stm32ide/STM32CubeIDE_1.17.0/STM32CubeIDE/plugins/com.st.stm32cube.ide.mcu.externaltools.gnu-tools-for-stm32.12.3.rel1.win32_1.1.0.202410251130/tools/bin/../lib/gcc/arm-none-eabi/12.3.1/../../../../arm-none-eabi/lib/thumb/v7e-m+fp/hard\libc_nano.a(libc_a-nano-vfprintf_i.o)
                0x0800f658                _printf_common
 *fill*         0x0800f732        0x2 
 .text._printf_i
                0x0800f734      0x240 D:/stm32ide/STM32CubeIDE_1.17.0/STM32CubeIDE/plugins/com.st.stm32cube.ide.mcu.externaltools.gnu-tools-for-stm32.12.3.rel1.win32_1.1.0.202410251130/tools/bin/../lib/gcc/arm-none-eabi/12.3.1/../../../../arm-none-eabi/lib/thumb/v7e-m+fp/hard\libc_nano.a(libc_a-nano-vfprintf_i.o)
                0x0800f734                _printf_i
 .text.memmove  0x0800f974       0x34 D:/stm32ide/STM32CubeIDE_1.17.0/STM32CubeIDE/plugins/com.st.stm32cube.ide.mcu.externaltools.gnu-tools-for-stm32.12.3.rel1.win32_1.1.0.202410251130/tools/bin/../lib/gcc/arm-none-eabi/12.3.1/../../../../arm-none-eabi/lib/thumb/v7e-m+fp/hard\libc_nano.a(libc_a-memmove.o)
                0x0800f974                memmove
 .text._realloc_r
                0x0800f9a8       0x5c D:/stm32ide/STM32CubeIDE_1.17.0/STM32CubeIDE/plugins/com.st.stm32cube.ide.mcu.externaltools.gnu-tools-for-stm32.12.3.rel1.win32_1.1.0.202410251130/tools/bin/../lib/gcc/arm-none-eabi/12.3.1/../../../../arm-none-eabi/lib/thumb/v7e-m+fp/hard\libc_nano.a(libc_a-reallocr.o)
                0x0800f9a8                _realloc_r
 .text._malloc_usable_size_r
                0x0800fa04       0x10 D:/stm32ide/STM32CubeIDE_1.17.0/STM32CubeIDE/plugins/com.st.stm32cube.ide.mcu.externaltools.gnu-tools-for-stm32.12.3.rel1.win32_1.1.0.202410251130/tools/bin/../lib/gcc/arm-none-eabi/12.3.1/../../../../arm-none-eabi/lib/thumb/v7e-m+fp/hard\libc_nano.a(libc_a-msizer.o)
                0x0800fa04                _malloc_usable_size_r
 *(.glue_7)
 .glue_7        0x0800fa14        0x0 linker stubs
 *(.glue_7t)
 .glue_7t       0x0800fa14        0x0 linker stubs
 *(.eh_frame)
 .eh_frame      0x0800fa14        0x0 D:/stm32ide/STM32CubeIDE_1.17.0/STM32CubeIDE/plugins/com.st.stm32cube.ide.mcu.externaltools.gnu-tools-for-stm32.12.3.rel1.win32_1.1.0.202410251130/tools/bin/../lib/gcc/arm-none-eabi/12.3.1/thumb/v7e-m+fp/hard/crtbegin.o
 *(.init)
 .init          0x0800fa14        0x4 D:/stm32ide/STM32CubeIDE_1.17.0/STM32CubeIDE/plugins/com.st.stm32cube.ide.mcu.externaltools.gnu-tools-for-stm32.12.3.rel1.win32_1.1.0.202410251130/tools/bin/../lib/gcc/arm-none-eabi/12.3.1/thumb/v7e-m+fp/hard/crti.o
                0x0800fa14                _init
 .init          0x0800fa18        0x8 D:/stm32ide/STM32CubeIDE_1.17.0/STM32CubeIDE/plugins/com.st.stm32cube.ide.mcu.externaltools.gnu-tools-for-stm32.12.3.rel1.win32_1.1.0.202410251130/tools/bin/../lib/gcc/arm-none-eabi/12.3.1/thumb/v7e-m+fp/hard/crtn.o
 *(.fini)
 .fini          0x0800fa20        0x4 D:/stm32ide/STM32CubeIDE_1.17.0/STM32CubeIDE/plugins/com.st.stm32cube.ide.mcu.externaltools.gnu-tools-for-stm32.12.3.rel1.win32_1.1.0.202410251130/tools/bin/../lib/gcc/arm-none-eabi/12.3.1/thumb/v7e-m+fp/hard/crti.o
                0x0800fa20                _fini
 .fini          0x0800fa24        0x8 D:/stm32ide/STM32CubeIDE_1.17.0/STM32CubeIDE/plugins/com.st.stm32cube.ide.mcu.externaltools.gnu-tools-for-stm32.12.3.rel1.win32_1.1.0.202410251130/tools/bin/../lib/gcc/arm-none-eabi/12.3.1/thumb/v7e-m+fp/hard/crtn.o
                0x0800fa2c                        . = ALIGN (0x4)
                0x0800fa2c                        _etext = .

.vfp11_veneer   0x0800fa2c        0x0
 .vfp11_veneer  0x0800fa2c        0x0 linker stubs

.v4_bx          0x0800fa2c        0x0
 .v4_bx         0x0800fa2c        0x0 linker stubs

.iplt           0x0800fa2c        0x0
 .iplt          0x0800fa2c        0x0 D:/stm32ide/STM32CubeIDE_1.17.0/STM32CubeIDE/plugins/com.st.stm32cube.ide.mcu.externaltools.gnu-tools-for-stm32.12.3.rel1.win32_1.1.0.202410251130/tools/bin/../lib/gcc/arm-none-eabi/12.3.1/thumb/v7e-m+fp/hard/crtbegin.o

.rodata         0x0800fa2c      0x9fc
                0x0800fa2c                        . = ALIGN (0x4)
 *(.rodata)
 .rodata        0x0800fa2c      0x4ae ./Core/Src/File_Handling.o
 *fill*         0x0800feda        0x2 
 .rodata        0x0800fedc       0x52 ./Core/Src/main.o
 *fill*         0x0800ff2e        0x2 
 .rodata        0x0800ff30        0x4 ./Middlewares/ST/STM32_USB_Host_Library/Class/MSC/Src/usbh_msc.o
 .rodata        0x0800ff34       0x54 ./Middlewares/Third_Party/FatFs/src/ff.o
 *(.rodata*)
 .rodata.AHBPrescTable
                0x0800ff88       0x10 ./Core/Src/system_stm32f4xx.o
                0x0800ff88                AHBPrescTable
 .rodata.APBPrescTable
                0x0800ff98        0x8 ./Core/Src/system_stm32f4xx.o
                0x0800ff98                APBPrescTable
 .rodata.USBH_Driver
                0x0800ffa0       0x14 ./FATFS/Target/usbh_diskio.o
                0x0800ffa0                USBH_Driver
 .rodata.ExCvt  0x0800ffb4       0x80 ./Middlewares/Third_Party/FatFs/src/ff.o
 .rodata.LfnOfs
                0x08010034        0xd ./Middlewares/Third_Party/FatFs/src/ff.o
 *fill*         0x08010041        0x3 
 .rodata.Tbl    0x08010044      0x100 ./Middlewares/Third_Party/FatFs/src/option/ccsbcs.o
 .rodata.cvt1.1
                0x08010144      0x1f2 ./Middlewares/Third_Party/FatFs/src/option/ccsbcs.o
 *fill*         0x08010336        0x2 
 .rodata.cvt2.0
                0x08010338       0xbc ./Middlewares/Third_Party/FatFs/src/option/ccsbcs.o
 .rodata._svfprintf_r.str1.1
                0x080103f4       0x11 D:/stm32ide/STM32CubeIDE_1.17.0/STM32CubeIDE/plugins/com.st.stm32cube.ide.mcu.externaltools.gnu-tools-for-stm32.12.3.rel1.win32_1.1.0.202410251130/tools/bin/../lib/gcc/arm-none-eabi/12.3.1/../../../../arm-none-eabi/lib/thumb/v7e-m+fp/hard\libc_nano.a(libc_a-nano-svfprintf.o)
 .rodata._printf_i.str1.1
                0x08010405       0x22 D:/stm32ide/STM32CubeIDE_1.17.0/STM32CubeIDE/plugins/com.st.stm32cube.ide.mcu.externaltools.gnu-tools-for-stm32.12.3.rel1.win32_1.1.0.202410251130/tools/bin/../lib/gcc/arm-none-eabi/12.3.1/../../../../arm-none-eabi/lib/thumb/v7e-m+fp/hard\libc_nano.a(libc_a-nano-vfprintf_i.o)
                0x08010428                        . = ALIGN (0x4)
 *fill*         0x08010427        0x1 

.ARM.extab      0x08010428        0x0
                0x08010428                        . = ALIGN (0x4)
 *(.ARM.extab* .gnu.linkonce.armextab.*)
                0x08010428                        . = ALIGN (0x4)

.ARM            0x08010428        0x8
                0x08010428                        . = ALIGN (0x4)
                0x08010428                        __exidx_start = .
 *(.ARM.exidx*)
 .ARM.exidx     0x08010428        0x8 D:/stm32ide/STM32CubeIDE_1.17.0/STM32CubeIDE/plugins/com.st.stm32cube.ide.mcu.externaltools.gnu-tools-for-stm32.12.3.rel1.win32_1.1.0.202410251130/tools/bin/../lib/gcc/arm-none-eabi/12.3.1/../../../../arm-none-eabi/lib/thumb/v7e-m+fp/hard\libc_nano.a(libc_a-strcmp.o)
 .ARM.exidx     0x08010430        0x0 D:/stm32ide/STM32CubeIDE_1.17.0/STM32CubeIDE/plugins/com.st.stm32cube.ide.mcu.externaltools.gnu-tools-for-stm32.12.3.rel1.win32_1.1.0.202410251130/tools/bin/../lib/gcc/arm-none-eabi/12.3.1/../../../../arm-none-eabi/lib/thumb/v7e-m+fp/hard\libc_nano.a(libc_a-strlen.o)
                                  0x8 (size before relaxing)
 .ARM.exidx     0x08010430        0x0 D:/stm32ide/STM32CubeIDE_1.17.0/STM32CubeIDE/plugins/com.st.stm32cube.ide.mcu.externaltools.gnu-tools-for-stm32.12.3.rel1.win32_1.1.0.202410251130/tools/bin/../lib/gcc/arm-none-eabi/12.3.1/../../../../arm-none-eabi/lib/thumb/v7e-m+fp/hard\libc_nano.a(libc_a-memchr.o)
                                  0x8 (size before relaxing)
 .ARM.exidx     0x08010430        0x0 D:/stm32ide/STM32CubeIDE_1.17.0/STM32CubeIDE/plugins/com.st.stm32cube.ide.mcu.externaltools.gnu-tools-for-stm32.12.3.rel1.win32_1.1.0.202410251130/tools/bin/../lib/gcc/arm-none-eabi/12.3.1/thumb/v7e-m+fp/hard\libgcc.a(_udivmoddi4.o)
                                  0x8 (size before relaxing)
                0x08010430                        __exidx_end = .
                0x08010430                        . = ALIGN (0x4)

.preinit_array  0x08010430        0x0
                0x08010430                        . = ALIGN (0x4)
                0x08010430                        PROVIDE (__preinit_array_start = .)
 *(.preinit_array*)
                0x08010430                        PROVIDE (__preinit_array_end = .)
                0x08010430                        . = ALIGN (0x4)

.init_array     0x08010430        0x4
                0x08010430                        . = ALIGN (0x4)
                0x08010430                        PROVIDE (__init_array_start = .)
 *(SORT_BY_NAME(.init_array.*))
 *(.init_array*)
 .init_array    0x08010430        0x4 D:/stm32ide/STM32CubeIDE_1.17.0/STM32CubeIDE/plugins/com.st.stm32cube.ide.mcu.externaltools.gnu-tools-for-stm32.12.3.rel1.win32_1.1.0.202410251130/tools/bin/../lib/gcc/arm-none-eabi/12.3.1/thumb/v7e-m+fp/hard/crtbegin.o
                0x08010434                        PROVIDE (__init_array_end = .)
                0x08010434                        . = ALIGN (0x4)

.fini_array     0x08010434        0x4
                0x08010434                        . = ALIGN (0x4)
                [!provide]                        PROVIDE (__fini_array_start = .)
 *(SORT_BY_NAME(.fini_array.*))
 *(.fini_array*)
 .fini_array    0x08010434        0x4 D:/stm32ide/STM32CubeIDE_1.17.0/STM32CubeIDE/plugins/com.st.stm32cube.ide.mcu.externaltools.gnu-tools-for-stm32.12.3.rel1.win32_1.1.0.202410251130/tools/bin/../lib/gcc/arm-none-eabi/12.3.1/thumb/v7e-m+fp/hard/crtbegin.o
                [!provide]                        PROVIDE (__fini_array_end = .)
                0x08010438                        . = ALIGN (0x4)
                0x08010438                        _sidata = LOADADDR (.data)

.rel.dyn        0x08010438        0x0
 .rel.iplt      0x08010438        0x0 D:/stm32ide/STM32CubeIDE_1.17.0/STM32CubeIDE/plugins/com.st.stm32cube.ide.mcu.externaltools.gnu-tools-for-stm32.12.3.rel1.win32_1.1.0.202410251130/tools/bin/../lib/gcc/arm-none-eabi/12.3.1/thumb/v7e-m+fp/hard/crtbegin.o

.data           0x20000000       0x7c load address 0x08010438
                0x20000000                        . = ALIGN (0x4)
                0x20000000                        _sdata = .
 *(.data)
 *(.data*)
 .data.SystemCoreClock
                0x20000000        0x4 ./Core/Src/system_stm32f4xx.o
                0x20000000                SystemCoreClock
 .data.uwTickPrio
                0x20000004        0x4 ./Drivers/STM32F4xx_HAL_Driver/Src/stm32f4xx_hal.o
                0x20000004                uwTickPrio
 .data.uwTickFreq
                0x20000008        0x1 ./Drivers/STM32F4xx_HAL_Driver/Src/stm32f4xx_hal.o
                0x20000008                uwTickFreq
 *fill*         0x20000009        0x3 
 .data.USBH_msc
                0x2000000c       0x20 ./Middlewares/ST/STM32_USB_Host_Library/Class/MSC/Src/usbh_msc.o
                0x2000000c                USBH_msc
 .data._impure_ptr
                0x2000002c        0x4 D:/stm32ide/STM32CubeIDE_1.17.0/STM32CubeIDE/plugins/com.st.stm32cube.ide.mcu.externaltools.gnu-tools-for-stm32.12.3.rel1.win32_1.1.0.202410251130/tools/bin/../lib/gcc/arm-none-eabi/12.3.1/../../../../arm-none-eabi/lib/thumb/v7e-m+fp/hard\libc_nano.a(libc_a-impure.o)
                0x2000002c                _impure_ptr
 .data._impure_data
                0x20000030       0x4c D:/stm32ide/STM32CubeIDE_1.17.0/STM32CubeIDE/plugins/com.st.stm32cube.ide.mcu.externaltools.gnu-tools-for-stm32.12.3.rel1.win32_1.1.0.202410251130/tools/bin/../lib/gcc/arm-none-eabi/12.3.1/../../../../arm-none-eabi/lib/thumb/v7e-m+fp/hard\libc_nano.a(libc_a-impure.o)
                0x20000030                _impure_data
 *(.RamFunc)
 *(.RamFunc*)
                0x2000007c                        . = ALIGN (0x4)
                0x2000007c                        _edata = .
                0x080104b4                        _siccmram = LOADADDR (.ccmram)

.igot.plt       0x2000007c        0x0 load address 0x080104b4
 .igot.plt      0x2000007c        0x0 D:/stm32ide/STM32CubeIDE_1.17.0/STM32CubeIDE/plugins/com.st.stm32cube.ide.mcu.externaltools.gnu-tools-for-stm32.12.3.rel1.win32_1.1.0.202410251130/tools/bin/../lib/gcc/arm-none-eabi/12.3.1/thumb/v7e-m+fp/hard/crtbegin.o

.ccmram         0x10000000        0x0 load address 0x080104b4
                0x10000000                        . = ALIGN (0x4)
                0x10000000                        _sccmram = .
 *(.ccmram)
 *(.ccmram*)
                0x10000000                        . = ALIGN (0x4)
                0x10000000                        _eccmram = .
                0x10000000                        . = ALIGN (0x4)

.bss            0x20000080     0x2fe0
                0x20000080                        _sbss = .
                0x20000080                        __bss_start__ = _sbss
 *(.bss)
 .bss           0x20000080       0x1c D:/stm32ide/STM32CubeIDE_1.17.0/STM32CubeIDE/plugins/com.st.stm32cube.ide.mcu.externaltools.gnu-tools-for-stm32.12.3.rel1.win32_1.1.0.202410251130/tools/bin/../lib/gcc/arm-none-eabi/12.3.1/thumb/v7e-m+fp/hard/crtbegin.o
 *(.bss*)
 *fill*         0x2000009c        0x4 
 .bss.USBHfno   0x200000a0      0x120 ./Core/Src/File_Handling.o
                0x200000a0                USBHfno
 .bss.fresult   0x200001c0        0x1 ./Core/Src/File_Handling.o
                0x200001c0                fresult
 *fill*         0x200001c1        0x3 
 .bss.bw        0x200001c4        0x4 ./Core/Src/File_Handling.o
                0x200001c4                bw
 .bss.pUSBHFatFS
                0x200001c8        0x4 ./Core/Src/File_Handling.o
                0x200001c8                pUSBHFatFS
 .bss.fre_clust
                0x200001cc        0x4 ./Core/Src/File_Handling.o
                0x200001cc                fre_clust
 .bss.total     0x200001d0        0x4 ./Core/Src/File_Handling.o
                0x200001d0                total
 .bss.free_space
                0x200001d4        0x4 ./Core/Src/File_Handling.o
                0x200001d4                free_space
 .bss.huart2    0x200001d8       0x48 ./Core/Src/main.o
                0x200001d8                huart2
 .bss.active_usb
                0x20000220        0x4 ./Core/Src/main.o
                0x20000220                active_usb
 .bss.__sbrk_heap_end
                0x20000224        0x4 ./Core/Src/sysmem.o
 .bss.uwTick    0x20000228        0x4 ./Drivers/STM32F4xx_HAL_Driver/Src/stm32f4xx_hal.o
                0x20000228                uwTick
 .bss.retUSBH   0x2000022c        0x1 ./FATFS/App/fatfs.o
                0x2000022c                retUSBH
 *fill*         0x2000022d        0x3 
 .bss.USBHPath  0x20000230        0x4 ./FATFS/App/fatfs.o
                0x20000230                USBHPath
 .bss.USBHFatFS
                0x20000234     0x103c ./FATFS/App/fatfs.o
                0x20000234                USBHFatFS
 .bss.USBHFile  0x20001270     0x1058 ./FATFS/App/fatfs.o
                0x20001270                USBHFile
 .bss.FatFs     0x200022c8        0x4 ./Middlewares/Third_Party/FatFs/src/ff.o
 .bss.Fsid      0x200022cc        0x2 ./Middlewares/Third_Party/FatFs/src/ff.o
 *fill*         0x200022ce        0x2 
 .bss.Files     0x200022d0       0x20 ./Middlewares/Third_Party/FatFs/src/ff.o
 .bss.DirBuf    0x200022f0      0x260 ./Middlewares/Third_Party/FatFs/src/ff.o
 .bss.LfnBuf    0x20002550      0x200 ./Middlewares/Third_Party/FatFs/src/ff.o
 .bss.disk      0x20002750        0xc ./Middlewares/Third_Party/FatFs/src/ff_gen_drv.o
                0x20002750                disk
 .bss.hUsbHostFS
                0x2000275c      0x3d8 ./USB_HOST/App/usb_host.o
                0x2000275c                hUsbHostFS
 .bss.Appli_state
                0x20002b34        0x1 ./USB_HOST/App/usb_host.o
                0x20002b34                Appli_state
 *fill*         0x20002b35        0x3 
 .bss.hhcd_USB_OTG_FS
                0x20002b38      0x3e0 ./USB_HOST/Target/usbh_conf.o
                0x20002b38                hhcd_USB_OTG_FS
 .bss.__malloc_sbrk_start
                0x20002f18        0x4 D:/stm32ide/STM32CubeIDE_1.17.0/STM32CubeIDE/plugins/com.st.stm32cube.ide.mcu.externaltools.gnu-tools-for-stm32.12.3.rel1.win32_1.1.0.202410251130/tools/bin/../lib/gcc/arm-none-eabi/12.3.1/../../../../arm-none-eabi/lib/thumb/v7e-m+fp/hard\libc_nano.a(libc_a-mallocr.o)
                0x20002f18                __malloc_sbrk_start
 .bss.__malloc_free_list
                0x20002f1c        0x4 D:/stm32ide/STM32CubeIDE_1.17.0/STM32CubeIDE/plugins/com.st.stm32cube.ide.mcu.externaltools.gnu-tools-for-stm32.12.3.rel1.win32_1.1.0.202410251130/tools/bin/../lib/gcc/arm-none-eabi/12.3.1/../../../../arm-none-eabi/lib/thumb/v7e-m+fp/hard\libc_nano.a(libc_a-mallocr.o)
                0x20002f1c                __malloc_free_list
 .bss.__sf      0x20002f20      0x138 D:/stm32ide/STM32CubeIDE_1.17.0/STM32CubeIDE/plugins/com.st.stm32cube.ide.mcu.externaltools.gnu-tools-for-stm32.12.3.rel1.win32_1.1.0.202410251130/tools/bin/../lib/gcc/arm-none-eabi/12.3.1/../../../../arm-none-eabi/lib/thumb/v7e-m+fp/hard\libc_nano.a(libc_a-findfp.o)
                0x20002f20                __sf
 .bss.errno     0x20003058        0x4 D:/stm32ide/STM32CubeIDE_1.17.0/STM32CubeIDE/plugins/com.st.stm32cube.ide.mcu.externaltools.gnu-tools-for-stm32.12.3.rel1.win32_1.1.0.202410251130/tools/bin/../lib/gcc/arm-none-eabi/12.3.1/../../../../arm-none-eabi/lib/thumb/v7e-m+fp/hard\libc_nano.a(libc_a-reent.o)
                0x20003058                errno
 .bss.__lock___malloc_recursive_mutex
                0x2000305c        0x1 D:/stm32ide/STM32CubeIDE_1.17.0/STM32CubeIDE/plugins/com.st.stm32cube.ide.mcu.externaltools.gnu-tools-for-stm32.12.3.rel1.win32_1.1.0.202410251130/tools/bin/../lib/gcc/arm-none-eabi/12.3.1/../../../../arm-none-eabi/lib/thumb/v7e-m+fp/hard\libc_nano.a(libc_a-lock.o)
                0x2000305c                __lock___malloc_recursive_mutex
 *(COMMON)
                0x20003060                        . = ALIGN (0x4)
 *fill*         0x2000305d        0x3 
                0x20003060                        _ebss = .
                0x20003060                        __bss_end__ = _ebss

._user_heap_stack
                0x20003060      0x600
                0x20003060                        . = ALIGN (0x8)
                [!provide]                        PROVIDE (end = .)
                0x20003060                        PROVIDE (_end = .)
                0x20003260                        . = (. + _Min_Heap_Size)
 *fill*         0x20003060      0x200 
                0x20003660                        . = (. + _Min_Stack_Size)
 *fill*         0x20003260      0x400 
                0x20003660                        . = ALIGN (0x8)

/DISCARD/
 libc.a(*)
 libm.a(*)
 libgcc.a(*)

.ARM.attributes
                0x00000000       0x30
 *(.ARM.attributes)
 .ARM.attributes
                0x00000000       0x22 D:/stm32ide/STM32CubeIDE_1.17.0/STM32CubeIDE/plugins/com.st.stm32cube.ide.mcu.externaltools.gnu-tools-for-stm32.12.3.rel1.win32_1.1.0.202410251130/tools/bin/../lib/gcc/arm-none-eabi/12.3.1/thumb/v7e-m+fp/hard/crti.o
 .ARM.attributes
                0x00000022       0x34 D:/stm32ide/STM32CubeIDE_1.17.0/STM32CubeIDE/plugins/com.st.stm32cube.ide.mcu.externaltools.gnu-tools-for-stm32.12.3.rel1.win32_1.1.0.202410251130/tools/bin/../lib/gcc/arm-none-eabi/12.3.1/thumb/v7e-m+fp/hard/crtbegin.o
 .ARM.attributes
                0x00000056       0x34 ./Core/Src/File_Handling.o
 .ARM.attributes
                0x0000008a       0x34 ./Core/Src/main.o
 .ARM.attributes
                0x000000be       0x34 ./Core/Src/stm32f4xx_hal_msp.o
 .ARM.attributes
                0x000000f2       0x34 ./Core/Src/stm32f4xx_it.o
 .ARM.attributes
                0x00000126       0x34 ./Core/Src/sysmem.o
 .ARM.attributes
                0x0000015a       0x34 ./Core/Src/system_stm32f4xx.o
 .ARM.attributes
                0x0000018e       0x21 ./Core/Startup/startup_stm32f407vgtx.o
 .ARM.attributes
                0x000001af       0x34 ./Drivers/STM32F4xx_HAL_Driver/Src/stm32f4xx_hal.o
 .ARM.attributes
                0x000001e3       0x34 ./Drivers/STM32F4xx_HAL_Driver/Src/stm32f4xx_hal_cortex.o
 .ARM.attributes
                0x00000217       0x34 ./Drivers/STM32F4xx_HAL_Driver/Src/stm32f4xx_hal_gpio.o
 .ARM.attributes
                0x0000024b       0x34 ./Drivers/STM32F4xx_HAL_Driver/Src/stm32f4xx_hal_hcd.o
 .ARM.attributes
                0x0000027f       0x34 ./Drivers/STM32F4xx_HAL_Driver/Src/stm32f4xx_hal_rcc.o
 .ARM.attributes
                0x000002b3       0x34 ./Drivers/STM32F4xx_HAL_Driver/Src/stm32f4xx_hal_uart.o
 .ARM.attributes
                0x000002e7       0x34 ./Drivers/STM32F4xx_HAL_Driver/Src/stm32f4xx_ll_usb.o
 .ARM.attributes
                0x0000031b       0x34 ./FATFS/App/fatfs.o
 .ARM.attributes
                0x0000034f       0x34 ./FATFS/Target/usbh_diskio.o
 .ARM.attributes
                0x00000383       0x34 ./Middlewares/ST/STM32_USB_Host_Library/Class/MSC/Src/usbh_msc.o
 .ARM.attributes
                0x000003b7       0x34 ./Middlewares/ST/STM32_USB_Host_Library/Class/MSC/Src/usbh_msc_bot.o
 .ARM.attributes
                0x000003eb       0x34 ./Middlewares/ST/STM32_USB_Host_Library/Class/MSC/Src/usbh_msc_scsi.o
 .ARM.attributes
                0x0000041f       0x34 ./Middlewares/ST/STM32_USB_Host_Library/Core/Src/usbh_core.o
 .ARM.attributes
                0x00000453       0x34 ./Middlewares/ST/STM32_USB_Host_Library/Core/Src/usbh_ctlreq.o
 .ARM.attributes
                0x00000487       0x34 ./Middlewares/ST/STM32_USB_Host_Library/Core/Src/usbh_ioreq.o
 .ARM.attributes
                0x000004bb       0x34 ./Middlewares/ST/STM32_USB_Host_Library/Core/Src/usbh_pipes.o
 .ARM.attributes
                0x000004ef       0x34 ./Middlewares/Third_Party/FatFs/src/diskio.o
 .ARM.attributes
                0x00000523       0x34 ./Middlewares/Third_Party/FatFs/src/ff.o
 .ARM.attributes
                0x00000557       0x34 ./Middlewares/Third_Party/FatFs/src/ff_gen_drv.o
 .ARM.attributes
                0x0000058b       0x34 ./Middlewares/Third_Party/FatFs/src/option/ccsbcs.o
 .ARM.attributes
                0x000005bf       0x34 ./USB_HOST/App/usb_host.o
 .ARM.attributes
                0x000005f3       0x34 ./USB_HOST/Target/usbh_conf.o
 .ARM.attributes
                0x00000627       0x34 ./USB_HOST/Target/usbh_platform.o
 .ARM.attributes
                0x0000065b       0x34 D:/stm32ide/STM32CubeIDE_1.17.0/STM32CubeIDE/plugins/com.st.stm32cube.ide.mcu.externaltools.gnu-tools-for-stm32.12.3.rel1.win32_1.1.0.202410251130/tools/bin/../lib/gcc/arm-none-eabi/12.3.1/../../../../arm-none-eabi/lib/thumb/v7e-m+fp/hard\libc_nano.a(libc_a-malloc.o)
 .ARM.attributes
                0x0000068f       0x34 D:/stm32ide/STM32CubeIDE_1.17.0/STM32CubeIDE/plugins/com.st.stm32cube.ide.mcu.externaltools.gnu-tools-for-stm32.12.3.rel1.win32_1.1.0.202410251130/tools/bin/../lib/gcc/arm-none-eabi/12.3.1/../../../../arm-none-eabi/lib/thumb/v7e-m+fp/hard\libc_nano.a(libc_a-mallocr.o)
 .ARM.attributes
                0x000006c3       0x34 D:/stm32ide/STM32CubeIDE_1.17.0/STM32CubeIDE/plugins/com.st.stm32cube.ide.mcu.externaltools.gnu-tools-for-stm32.12.3.rel1.win32_1.1.0.202410251130/tools/bin/../lib/gcc/arm-none-eabi/12.3.1/../../../../arm-none-eabi/lib/thumb/v7e-m+fp/hard\libc_nano.a(libc_a-mlock.o)
 .ARM.attributes
                0x000006f7       0x34 D:/stm32ide/STM32CubeIDE_1.17.0/STM32CubeIDE/plugins/com.st.stm32cube.ide.mcu.externaltools.gnu-tools-for-stm32.12.3.rel1.win32_1.1.0.202410251130/tools/bin/../lib/gcc/arm-none-eabi/12.3.1/../../../../arm-none-eabi/lib/thumb/v7e-m+fp/hard\libc_nano.a(libc_a-findfp.o)
 .ARM.attributes
                0x0000072b       0x34 D:/stm32ide/STM32CubeIDE_1.17.0/STM32CubeIDE/plugins/com.st.stm32cube.ide.mcu.externaltools.gnu-tools-for-stm32.12.3.rel1.win32_1.1.0.202410251130/tools/bin/../lib/gcc/arm-none-eabi/12.3.1/../../../../arm-none-eabi/lib/thumb/v7e-m+fp/hard\libc_nano.a(libc_a-sprintf.o)
 .ARM.attributes
                0x0000075f       0x34 D:/stm32ide/STM32CubeIDE_1.17.0/STM32CubeIDE/plugins/com.st.stm32cube.ide.mcu.externaltools.gnu-tools-for-stm32.12.3.rel1.win32_1.1.0.202410251130/tools/bin/../lib/gcc/arm-none-eabi/12.3.1/../../../../arm-none-eabi/lib/thumb/v7e-m+fp/hard\libc_nano.a(libc_a-memset.o)
 .ARM.attributes
                0x00000793       0x34 D:/stm32ide/STM32CubeIDE_1.17.0/STM32CubeIDE/plugins/com.st.stm32cube.ide.mcu.externaltools.gnu-tools-for-stm32.12.3.rel1.win32_1.1.0.202410251130/tools/bin/../lib/gcc/arm-none-eabi/12.3.1/../../../../arm-none-eabi/lib/thumb/v7e-m+fp/hard\libc_nano.a(libc_a-reent.o)
 .ARM.attributes
                0x000007c7       0x34 D:/stm32ide/STM32CubeIDE_1.17.0/STM32CubeIDE/plugins/com.st.stm32cube.ide.mcu.externaltools.gnu-tools-for-stm32.12.3.rel1.win32_1.1.0.202410251130/tools/bin/../lib/gcc/arm-none-eabi/12.3.1/../../../../arm-none-eabi/lib/thumb/v7e-m+fp/hard\libc_nano.a(libc_a-impure.o)
 .ARM.attributes
                0x000007fb       0x34 D:/stm32ide/STM32CubeIDE_1.17.0/STM32CubeIDE/plugins/com.st.stm32cube.ide.mcu.externaltools.gnu-tools-for-stm32.12.3.rel1.win32_1.1.0.202410251130/tools/bin/../lib/gcc/arm-none-eabi/12.3.1/../../../../arm-none-eabi/lib/thumb/v7e-m+fp/hard\libc_nano.a(libc_a-sbrkr.o)
 .ARM.attributes
                0x0000082f       0x34 D:/stm32ide/STM32CubeIDE_1.17.0/STM32CubeIDE/plugins/com.st.stm32cube.ide.mcu.externaltools.gnu-tools-for-stm32.12.3.rel1.win32_1.1.0.202410251130/tools/bin/../lib/gcc/arm-none-eabi/12.3.1/../../../../arm-none-eabi/lib/thumb/v7e-m+fp/hard\libc_nano.a(libc_a-errno.o)
 .ARM.attributes
                0x00000863       0x34 D:/stm32ide/STM32CubeIDE_1.17.0/STM32CubeIDE/plugins/com.st.stm32cube.ide.mcu.externaltools.gnu-tools-for-stm32.12.3.rel1.win32_1.1.0.202410251130/tools/bin/../lib/gcc/arm-none-eabi/12.3.1/../../../../arm-none-eabi/lib/thumb/v7e-m+fp/hard\libc_nano.a(libc_a-init.o)
 .ARM.attributes
                0x00000897       0x34 D:/stm32ide/STM32CubeIDE_1.17.0/STM32CubeIDE/plugins/com.st.stm32cube.ide.mcu.externaltools.gnu-tools-for-stm32.12.3.rel1.win32_1.1.0.202410251130/tools/bin/../lib/gcc/arm-none-eabi/12.3.1/../../../../arm-none-eabi/lib/thumb/v7e-m+fp/hard\libc_nano.a(libc_a-lock.o)
 .ARM.attributes
                0x000008cb       0x20 D:/stm32ide/STM32CubeIDE_1.17.0/STM32CubeIDE/plugins/com.st.stm32cube.ide.mcu.externaltools.gnu-tools-for-stm32.12.3.rel1.win32_1.1.0.202410251130/tools/bin/../lib/gcc/arm-none-eabi/12.3.1/../../../../arm-none-eabi/lib/thumb/v7e-m+fp/hard\libc_nano.a(libc_a-strcmp.o)
 .ARM.attributes
                0x000008eb       0x34 D:/stm32ide/STM32CubeIDE_1.17.0/STM32CubeIDE/plugins/com.st.stm32cube.ide.mcu.externaltools.gnu-tools-for-stm32.12.3.rel1.win32_1.1.0.202410251130/tools/bin/../lib/gcc/arm-none-eabi/12.3.1/../../../../arm-none-eabi/lib/thumb/v7e-m+fp/hard\libc_nano.a(libc_a-memcpy-stub.o)
 .ARM.attributes
                0x0000091f       0x17 D:/stm32ide/STM32CubeIDE_1.17.0/STM32CubeIDE/plugins/com.st.stm32cube.ide.mcu.externaltools.gnu-tools-for-stm32.12.3.rel1.win32_1.1.0.202410251130/tools/bin/../lib/gcc/arm-none-eabi/12.3.1/../../../../arm-none-eabi/lib/thumb/v7e-m+fp/hard\libc_nano.a(libc_a-strlen.o)
 .ARM.attributes
                0x00000936       0x34 D:/stm32ide/STM32CubeIDE_1.17.0/STM32CubeIDE/plugins/com.st.stm32cube.ide.mcu.externaltools.gnu-tools-for-stm32.12.3.rel1.win32_1.1.0.202410251130/tools/bin/../lib/gcc/arm-none-eabi/12.3.1/../../../../arm-none-eabi/lib/thumb/v7e-m+fp/hard\libc_nano.a(libc_a-freer.o)
 .ARM.attributes
                0x0000096a       0x34 D:/stm32ide/STM32CubeIDE_1.17.0/STM32CubeIDE/plugins/com.st.stm32cube.ide.mcu.externaltools.gnu-tools-for-stm32.12.3.rel1.win32_1.1.0.202410251130/tools/bin/../lib/gcc/arm-none-eabi/12.3.1/../../../../arm-none-eabi/lib/thumb/v7e-m+fp/hard\libc_nano.a(libc_a-nano-svfprintf.o)
 .ARM.attributes
                0x0000099e       0x34 D:/stm32ide/STM32CubeIDE_1.17.0/STM32CubeIDE/plugins/com.st.stm32cube.ide.mcu.externaltools.gnu-tools-for-stm32.12.3.rel1.win32_1.1.0.202410251130/tools/bin/../lib/gcc/arm-none-eabi/12.3.1/../../../../arm-none-eabi/lib/thumb/v7e-m+fp/hard\libc_nano.a(libc_a-nano-vfprintf_i.o)
 .ARM.attributes
                0x000009d2       0x34 D:/stm32ide/STM32CubeIDE_1.17.0/STM32CubeIDE/plugins/com.st.stm32cube.ide.mcu.externaltools.gnu-tools-for-stm32.12.3.rel1.win32_1.1.0.202410251130/tools/bin/../lib/gcc/arm-none-eabi/12.3.1/../../../../arm-none-eabi/lib/thumb/v7e-m+fp/hard\libc_nano.a(libc_a-memmove.o)
 .ARM.attributes
                0x00000a06       0x1c D:/stm32ide/STM32CubeIDE_1.17.0/STM32CubeIDE/plugins/com.st.stm32cube.ide.mcu.externaltools.gnu-tools-for-stm32.12.3.rel1.win32_1.1.0.202410251130/tools/bin/../lib/gcc/arm-none-eabi/12.3.1/../../../../arm-none-eabi/lib/thumb/v7e-m+fp/hard\libc_nano.a(libc_a-memchr.o)
 .ARM.attributes
                0x00000a22       0x34 D:/stm32ide/STM32CubeIDE_1.17.0/STM32CubeIDE/plugins/com.st.stm32cube.ide.mcu.externaltools.gnu-tools-for-stm32.12.3.rel1.win32_1.1.0.202410251130/tools/bin/../lib/gcc/arm-none-eabi/12.3.1/../../../../arm-none-eabi/lib/thumb/v7e-m+fp/hard\libc_nano.a(libc_a-reallocr.o)
 .ARM.attributes
                0x00000a56       0x34 D:/stm32ide/STM32CubeIDE_1.17.0/STM32CubeIDE/plugins/com.st.stm32cube.ide.mcu.externaltools.gnu-tools-for-stm32.12.3.rel1.win32_1.1.0.202410251130/tools/bin/../lib/gcc/arm-none-eabi/12.3.1/../../../../arm-none-eabi/lib/thumb/v7e-m+fp/hard\libc_nano.a(libc_a-msizer.o)
 .ARM.attributes
                0x00000a8a       0x22 D:/stm32ide/STM32CubeIDE_1.17.0/STM32CubeIDE/plugins/com.st.stm32cube.ide.mcu.externaltools.gnu-tools-for-stm32.12.3.rel1.win32_1.1.0.202410251130/tools/bin/../lib/gcc/arm-none-eabi/12.3.1/thumb/v7e-m+fp/hard\libgcc.a(_arm_muldf3.o)
 .ARM.attributes
                0x00000aac       0x22 D:/stm32ide/STM32CubeIDE_1.17.0/STM32CubeIDE/plugins/com.st.stm32cube.ide.mcu.externaltools.gnu-tools-for-stm32.12.3.rel1.win32_1.1.0.202410251130/tools/bin/../lib/gcc/arm-none-eabi/12.3.1/thumb/v7e-m+fp/hard\libgcc.a(_arm_addsubdf3.o)
 .ARM.attributes
                0x00000ace       0x22 D:/stm32ide/STM32CubeIDE_1.17.0/STM32CubeIDE/plugins/com.st.stm32cube.ide.mcu.externaltools.gnu-tools-for-stm32.12.3.rel1.win32_1.1.0.202410251130/tools/bin/../lib/gcc/arm-none-eabi/12.3.1/thumb/v7e-m+fp/hard\libgcc.a(_arm_fixunsdfsi.o)
 .ARM.attributes
                0x00000af0       0x22 D:/stm32ide/STM32CubeIDE_1.17.0/STM32CubeIDE/plugins/com.st.stm32cube.ide.mcu.externaltools.gnu-tools-for-stm32.12.3.rel1.win32_1.1.0.202410251130/tools/bin/../lib/gcc/arm-none-eabi/12.3.1/thumb/v7e-m+fp/hard\libgcc.a(_aeabi_uldivmod.o)
 .ARM.attributes
                0x00000b12       0x34 D:/stm32ide/STM32CubeIDE_1.17.0/STM32CubeIDE/plugins/com.st.stm32cube.ide.mcu.externaltools.gnu-tools-for-stm32.12.3.rel1.win32_1.1.0.202410251130/tools/bin/../lib/gcc/arm-none-eabi/12.3.1/thumb/v7e-m+fp/hard\libgcc.a(_udivmoddi4.o)
 .ARM.attributes
                0x00000b46       0x22 D:/stm32ide/STM32CubeIDE_1.17.0/STM32CubeIDE/plugins/com.st.stm32cube.ide.mcu.externaltools.gnu-tools-for-stm32.12.3.rel1.win32_1.1.0.202410251130/tools/bin/../lib/gcc/arm-none-eabi/12.3.1/thumb/v7e-m+fp/hard\libgcc.a(_dvmd_tls.o)
 .ARM.attributes
                0x00000b68       0x22 D:/stm32ide/STM32CubeIDE_1.17.0/STM32CubeIDE/plugins/com.st.stm32cube.ide.mcu.externaltools.gnu-tools-for-stm32.12.3.rel1.win32_1.1.0.202410251130/tools/bin/../lib/gcc/arm-none-eabi/12.3.1/thumb/v7e-m+fp/hard/crtn.o
OUTPUT(usb_msc_flash.elf elf32-littlearm)
LOAD linker stubs
LOAD D:/stm32ide/STM32CubeIDE_1.17.0/STM32CubeIDE/plugins/com.st.stm32cube.ide.mcu.externaltools.gnu-tools-for-stm32.12.3.rel1.win32_1.1.0.202410251130/tools/bin/../lib/gcc/arm-none-eabi/12.3.1/../../../../arm-none-eabi/lib/thumb/v7e-m+fp/hard\libc.a
LOAD D:/stm32ide/STM32CubeIDE_1.17.0/STM32CubeIDE/plugins/com.st.stm32cube.ide.mcu.externaltools.gnu-tools-for-stm32.12.3.rel1.win32_1.1.0.202410251130/tools/bin/../lib/gcc/arm-none-eabi/12.3.1/../../../../arm-none-eabi/lib/thumb/v7e-m+fp/hard\libm.a